Archive member included to satisfy reference by file (symbol)

c:/users/admin/.eide/tools/gcc_arm/bin/../lib/gcc/arm-none-eabi/10.2.1/../../../../arm-none-eabi/lib/thumb/v8-m.main+fp/hard\libc_nano.a(lib_a-assert.o)
                              Libraries\drivers\drv_pin.o (__assert_func)
c:/users/admin/.eide/tools/gcc_arm/bin/../lib/gcc/arm-none-eabi/10.2.1/../../../../arm-none-eabi/lib/thumb/v8-m.main+fp/hard\libc_nano.a(lib_a-atoi.o)
                              build\packages\webclient-v2.2.0\src\webclient.o (atoi)
c:/users/admin/.eide/tools/gcc_arm/bin/../lib/gcc/arm-none-eabi/10.2.1/../../../../arm-none-eabi/lib/thumb/v8-m.main+fp/hard\libc_nano.a(lib_a-ctype_.o)
                              build\packages\cJSON-v1.7.17\cJSON.o (_ctype_)
c:/users/admin/.eide/tools/gcc_arm/bin/../lib/gcc/arm-none-eabi/10.2.1/../../../../arm-none-eabi/lib/thumb/v8-m.main+fp/hard\libc_nano.a(lib_a-exit.o)
                              c:/users/admin/.eide/tools/gcc_arm/bin/../lib/gcc/arm-none-eabi/10.2.1/../../../../arm-none-eabi/lib/thumb/v8-m.main+fp/hard/crt0.o (exit)
c:/users/admin/.eide/tools/gcc_arm/bin/../lib/gcc/arm-none-eabi/10.2.1/../../../../arm-none-eabi/lib/thumb/v8-m.main+fp/hard\libc_nano.a(lib_a-fprintf.o)
                              c:/users/admin/.eide/tools/gcc_arm/bin/../lib/gcc/arm-none-eabi/10.2.1/../../../../arm-none-eabi/lib/thumb/v8-m.main+fp/hard\libc_nano.a(lib_a-assert.o) (fiprintf)
c:/users/admin/.eide/tools/gcc_arm/bin/../lib/gcc/arm-none-eabi/10.2.1/../../../../arm-none-eabi/lib/thumb/v8-m.main+fp/hard\libc_nano.a(lib_a-impure.o)
                              c:/users/admin/.eide/tools/gcc_arm/bin/../lib/gcc/arm-none-eabi/10.2.1/../../../../arm-none-eabi/lib/thumb/v8-m.main+fp/hard\libc_nano.a(lib_a-exit.o) (_global_impure_ptr)
c:/users/admin/.eide/tools/gcc_arm/bin/../lib/gcc/arm-none-eabi/10.2.1/../../../../arm-none-eabi/lib/thumb/v8-m.main+fp/hard\libc_nano.a(lib_a-malloc.o)
                              build\packages\cJSON-v1.7.17\cJSON.o (malloc)
c:/users/admin/.eide/tools/gcc_arm/bin/../lib/gcc/arm-none-eabi/10.2.1/../../../../arm-none-eabi/lib/thumb/v8-m.main+fp/hard\libc_nano.a(lib_a-memcmp.o)
                              build\packages\littlefs-latest\lfs.o (memcmp)
c:/users/admin/.eide/tools/gcc_arm/bin/../lib/gcc/arm-none-eabi/10.2.1/../../../../arm-none-eabi/lib/thumb/v8-m.main+fp/hard\libc_nano.a(lib_a-memcpy-stub.o)
                              Libraries\drivers\drv_chipflash.o (memcpy)
c:/users/admin/.eide/tools/gcc_arm/bin/../lib/gcc/arm-none-eabi/10.2.1/../../../../arm-none-eabi/lib/thumb/v8-m.main+fp/hard\libc_nano.a(lib_a-memset.o)
                              c:/users/admin/.eide/tools/gcc_arm/bin/../lib/gcc/arm-none-eabi/10.2.1/../../../../arm-none-eabi/lib/thumb/v8-m.main+fp/hard/crt0.o (memset)
c:/users/admin/.eide/tools/gcc_arm/bin/../lib/gcc/arm-none-eabi/10.2.1/../../../../arm-none-eabi/lib/thumb/v8-m.main+fp/hard\libc_nano.a(lib_a-nano-vfprintf.o)
                              c:/users/admin/.eide/tools/gcc_arm/bin/../lib/gcc/arm-none-eabi/10.2.1/../../../../arm-none-eabi/lib/thumb/v8-m.main+fp/hard\libc_nano.a(lib_a-fprintf.o) (_vfprintf_r)
c:/users/admin/.eide/tools/gcc_arm/bin/../lib/gcc/arm-none-eabi/10.2.1/../../../../arm-none-eabi/lib/thumb/v8-m.main+fp/hard\libc_nano.a(lib_a-nano-vfprintf_i.o)
                              c:/users/admin/.eide/tools/gcc_arm/bin/../lib/gcc/arm-none-eabi/10.2.1/../../../../arm-none-eabi/lib/thumb/v8-m.main+fp/hard\libc_nano.a(lib_a-nano-vfprintf.o) (_printf_i)
c:/users/admin/.eide/tools/gcc_arm/bin/../lib/gcc/arm-none-eabi/10.2.1/../../../../arm-none-eabi/lib/thumb/v8-m.main+fp/hard\libc_nano.a(lib_a-rand.o)
                              build\kernel\components\net\lwip\lwip-2.0.3\src\core\dns.o (rand)
c:/users/admin/.eide/tools/gcc_arm/bin/../lib/gcc/arm-none-eabi/10.2.1/../../../../arm-none-eabi/lib/thumb/v8-m.main+fp/hard\libc_nano.a(lib_a-realloc.o)
                              build\packages\cJSON-v1.7.17\cJSON.o (realloc)
c:/users/admin/.eide/tools/gcc_arm/bin/../lib/gcc/arm-none-eabi/10.2.1/../../../../arm-none-eabi/lib/thumb/v8-m.main+fp/hard\libc_nano.a(lib_a-sprintf.o)
                              build\packages\cJSON-v1.7.17\cJSON.o (sprintf)
c:/users/admin/.eide/tools/gcc_arm/bin/../lib/gcc/arm-none-eabi/10.2.1/../../../../arm-none-eabi/lib/thumb/v8-m.main+fp/hard\libc_nano.a(lib_a-sscanf.o)
                              build\packages\cJSON-v1.7.17\cJSON.o (sscanf)
c:/users/admin/.eide/tools/gcc_arm/bin/../lib/gcc/arm-none-eabi/10.2.1/../../../../arm-none-eabi/lib/thumb/v8-m.main+fp/hard\libc_nano.a(lib_a-stdio.o)
                              c:/users/admin/.eide/tools/gcc_arm/bin/../lib/gcc/arm-none-eabi/10.2.1/../../../../arm-none-eabi/lib/thumb/v8-m.main+fp/hard\libc_nano.a(lib_a-sscanf.o) (__seofread)
c:/users/admin/.eide/tools/gcc_arm/bin/../lib/gcc/arm-none-eabi/10.2.1/../../../../arm-none-eabi/lib/thumb/v8-m.main+fp/hard\libc_nano.a(lib_a-strcat.o)
[...]
Memory Configuration

Name             Origin             Length             Attributes
m_interrupts     0x00000000         0x00000200         xr
m_text           0x00000200         0x000ffe00         xr
m_data           0x20000000         0x0001e000         rw
m_sramx0         0x04000000         0x00002000         rw
*default*        0x00000000         0xffffffff

Linker script and memory map

LOAD c:/users/admin/.eide/tools/gcc_arm/bin/../lib/gcc/arm-none-eabi/10.2.1/thumb/v8-m.main+fp/hard/crti.o
LOAD c:/users/admin/.eide/tools/gcc_arm/bin/../lib/gcc/arm-none-eabi/10.2.1/thumb/v8-m.main+fp/hard/crtbegin.o
LOAD c:/users/admin/.eide/tools/gcc_arm/bin/../lib/gcc/arm-none-eabi/10.2.1/../../../../arm-none-eabi/lib/thumb/v8-m.main+fp/hard/crt0.o
                0x00009000                __heap_size__ = 0x9000
LOAD Libraries\drivers\drv_chipflash.o
LOAD Libraries\drivers\drv_i2c.o
LOAD Libraries\drivers\drv_pin.o
LOAD Libraries\drivers\drv_uart.o
LOAD build\applications\main.o
LOAD build\applications\mqtt_temp_publisher.o
LOAD build\board\MCUX_Config\board\clock_config.o
LOAD build\board\MCUX_Config\board\pin_mux.o
LOAD build\board\board.o
LOAD build\board\ports\cherryusb\cherryusb.o
LOAD build\board\ports\drv_spi_sample_rw007.o
LOAD build\packages\cJSON-v1.7.17\cJSON.o
LOAD build\packages\cJSON-v1.7.17\cJSON_Utils.o
LOAD build\packages\littlefs-latest\dfs_lfs.o
LOAD build\packages\littlefs-latest\lfs.o
LOAD build\packages\littlefs-latest\lfs_crc.o
LOAD build\packages\littlefs-latest\lfs_util.o
LOAD build\packages\netutils-latest\ntp\ntp.o
LOAD build\packages\nxp-mcx-series-latest\MCXA156\drivers\fsl_aoi.o
LOAD build\packages\nxp-mcx-series-latest\MCXA156\drivers\fsl_clock.o
LOAD build\packages\nxp-mcx-series-latest\MCXA156\drivers\fsl_cmc.o
LOAD build\packages\nxp-mcx-series-latest\MCXA156\drivers\fsl_common.o
LOAD build\packages\nxp-mcx-series-latest\MCXA156\drivers\fsl_common_arm.o
LOAD build\packages\nxp-mcx-series-latest\MCXA156\drivers\fsl_crc.o
LOAD build\packages\nxp-mcx-series-latest\MCXA156\drivers\fsl_ctimer.o
LOAD build\packages\nxp-mcx-series-latest\MCXA156\drivers\fsl_edma.o
LOAD build\packages\nxp-mcx-series-latest\MCXA156\drivers\fsl_edma_soc.o
LOAD build\packages\nxp-mcx-series-latest\MCXA156\drivers\fsl_eim.o
LOAD build\packages\nxp-mcx-series-latest\MCXA156\drivers\fsl_eqdc.o
LOAD build\packages\nxp-mcx-series-latest\MCXA156\drivers\fsl_erm.o
LOAD build\packages\nxp-mcx-series-latest\MCXA156\drivers\fsl_freqme.o
LOAD build\packages\nxp-mcx-series-latest\MCXA156\drivers\fsl_glikey.o
LOAD build\packages\nxp-mcx-series-latest\MCXA156\drivers\fsl_gpio.o
LOAD build\packages\nxp-mcx-series-latest\MCXA156\drivers\fsl_i3c.o
LOAD build\packages\nxp-mcx-series-latest\MCXA156\drivers\fsl_i3c_edma.o
LOAD build\packages\nxp-mcx-series-latest\MCXA156\drivers\fsl_inputmux.o
LOAD build\packages\nxp-mcx-series-latest\MCXA156\drivers\fsl_lpadc.o
LOAD build\packages\nxp-mcx-series-latest\MCXA156\drivers\fsl_lpcmp.o
LOAD build\packages\nxp-mcx-series-latest\MCXA156\drivers\fsl_lpi2c.o
LOAD build\packages\nxp-mcx-series-latest\MCXA156\drivers\fsl_lpi2c_edma.o
LOAD build\packages\nxp-mcx-series-latest\MCXA156\drivers\fsl_lpspi.o
LOAD build\packages\nxp-mcx-series-latest\MCXA156\drivers\fsl_lpspi_edma.o
LOAD build\packages\nxp-mcx-series-latest\MCXA156\drivers\fsl_lptmr.o
LOAD build\packages\nxp-mcx-series-latest\MCXA156\drivers\fsl_lpuart.o
LOAD build\packages\nxp-mcx-series-latest\MCXA156\drivers\fsl_lpuart_edma.o
LOAD build\packages\nxp-mcx-series-latest\MCXA156\drivers\fsl_ostimer.o
LOAD build\packages\nxp-mcx-series-latest\MCXA156\drivers\fsl_pwm.o
LOAD build\packages\nxp-mcx-series-latest\MCXA156\drivers\fsl_reset.o
LOAD build\packages\nxp-mcx-series-latest\MCXA156\drivers\fsl_spc.o
LOAD build\packages\nxp-mcx-series-latest\MCXA156\drivers\fsl_utick.o
LOAD build\packages\nxp-mcx-series-latest\MCXA156\drivers\fsl_vbat.o
LOAD build\packages\nxp-mcx-series-latest\MCXA156\drivers\fsl_waketimer.o
LOAD build\packages\nxp-mcx-series-latest\MCXA156\drivers\fsl_wuu.o
LOAD build\packages\nxp-mcx-series-latest\MCXA156\drivers\fsl_wwdt.o
LOAD build\packages\nxp-mcx-series-latest\MCXA156\gcc\startup_MCXA156.o
LOAD build\packages\nxp-mcx-series-latest\MCXA156\system_MCXA156.o
LOAD build\packages\p3t1755-latest\p3t1755.o
LOAD build\packages\pahomqtt-latest\MQTTClient-RT\paho_mqtt_pipe.o
LOAD build\packages\pahomqtt-latest\MQTTPacket\src\MQTTConnectClient.o
LOAD build\packages\pahomqtt-latest\MQTTPacket\src\MQTTConnectServer.o
LOAD build\packages\pahomqtt-latest\MQTTPacket\src\MQTTDeserializePublish.o
LOAD build\packages\pahomqtt-latest\MQTTPacket\src\MQTTFormat.o
LOAD build\packages\pahomqtt-latest\MQTTPacket\src\MQTTPacket.o
LOAD build\packages\pahomqtt-latest\MQTTPacket\src\MQTTSerializePublish.o
LOAD build\packages\pahomqtt-latest\MQTTPacket\src\MQTTSubscribeClient.o
LOAD build\packages\pahomqtt-latest\MQTTPacket\src\MQTTSubscribeServer.o
LOAD build\packages\pahomqtt-latest\MQTTPacket\src\MQTTUnsubscribeClient.o
LOAD build\packages\pahomqtt-latest\MQTTPacket\src\MQTTUnsubscribeServer.o
LOAD build\packages\webclient-v2.2.0\src\webclient.o
LOAD build\kernel\components\drivers\usb\cherryusb\class\wireless\usbd_rndis.o
LOAD build\kernel\components\drivers\usb\cherryusb\core\usbd_core.o
LOAD build\kernel\components\drivers\usb\cherryusb\demo\cdc_rndis_template.o
LOAD build\kernel\components\drivers\usb\cherryusb\osal\usb_osal_rtthread.o
LOAD build\kernel\components\drivers\usb\cherryusb\platform\rtthread\usb_check.o
LOAD build\kernel\components\drivers\usb\cherryusb\platform\rtthread\usb_msh.o
LOAD build\kernel\components\drivers\usb\cherryusb\port\kinetis\usb_dc_kinetis.o
LOAD build\kernel\components\drivers\usb\cherryusb\port\kinetis\usb_glue_mcx.o
LOAD build\kernel\components\libc\compilers\common\cctype.o
LOAD build\kernel\components\libc\compilers\common\cstdlib.o
LOAD build\kernel\components\libc\compilers\common\cstring.o
LOAD build\kernel\components\libc\compilers\common\ctime.o
LOAD build\kernel\components\libc\compilers\common\cunistd.o
LOAD build\kernel\components\libc\compilers\common\cwchar.o
LOAD build\kernel\components\libc\compilers\newlib\syscalls.o
LOAD build\kernel\components\libc\posix\io\poll\poll.o
LOAD build\kernel\components\libc\posix\io\poll\select.o
LOAD build\kernel\components\net\lwip\lwip-2.0.3\src\api\api_lib.o
LOAD build\kernel\components\net\lwip\lwip-2.0.3\src\api\api_msg.o
LOAD build\kernel\components\net\lwip\lwip-2.0.3\src\api\err.o
LOAD build\kernel\components\net\lwip\lwip-2.0.3\src\api\netbuf.o
LOAD build\kernel\components\net\lwip\lwip-2.0.3\src\api\netdb.o
LOAD build\kernel\components\net\lwip\lwip-2.0.3\src\api\netifapi.o
LOAD build\kernel\components\net\lwip\lwip-2.0.3\src\api\sockets.o
LOAD build\kernel\components\net\lwip\lwip-2.0.3\src\api\tcpip.o
LOAD build\kernel\components\net\lwip\lwip-2.0.3\src\apps\ping\ping.o
LOAD build\kernel\components\net\lwip\lwip-2.0.3\src\core\def.o
LOAD build\kernel\components\net\lwip\lwip-2.0.3\src\core\dns.o
LOAD build\kernel\components\net\lwip\lwip-2.0.3\src\core\inet_chksum.o
LOAD build\kernel\components\net\lwip\lwip-2.0.3\src\core\init.o
LOAD build\kernel\components\net\lwip\lwip-2.0.3\src\core\ip.o
LOAD build\kernel\components\net\lwip\lwip-2.0.3\src\core\ipv4\autoip.o
LOAD build\kernel\components\net\lwip\lwip-2.0.3\src\core\ipv4\dhcp.o
LOAD build\kernel\components\net\lwip\lwip-2.0.3\src\core\ipv4\etharp.o
LOAD build\kernel\components\net\lwip\lwip-2.0.3\src\core\ipv4\icmp.o
LOAD build\kernel\components\net\lwip\lwip-2.0.3\src\core\ipv4\igmp.o
LOAD build\kernel\components\net\lwip\lwip-2.0.3\src\core\ipv4\ip4.o
LOAD build\kernel\components\net\lwip\lwip-2.0.3\src\core\ipv4\ip4_addr.o
LOAD build\kernel\components\net\lwip\lwip-2.0.3\src\core\ipv4\ip4_frag.o
LOAD build\kernel\components\net\lwip\lwip-2.0.3\src\core\memp.o
LOAD build\kernel\components\net\lwip\lwip-2.0.3\src\core\netif.o
LOAD build\kernel\components\net\lwip\lwip-2.0.3\src\core\pbuf.o
LOAD build\kernel\components\net\lwip\lwip-2.0.3\src\core\raw.o
LOAD build\kernel\components\net\lwip\lwip-2.0.3\src\core\stats.o
LOAD build\kernel\components\net\lwip\lwip-2.0.3\src\core\sys.o
LOAD build\kernel\components\net\lwip\lwip-2.0.3\src\core\tcp.o
LOAD build\kernel\components\net\lwip\lwip-2.0.3\src\core\tcp_in.o
LOAD build\kernel\components\net\lwip\lwip-2.0.3\src\core\tcp_out.o
LOAD build\kernel\components\net\lwip\lwip-2.0.3\src\core\timeouts.o
LOAD build\kernel\components\net\lwip\lwip-2.0.3\src\core\udp.o
LOAD build\kernel\components\net\lwip\lwip-2.0.3\src\netif\ethernet.o
LOAD build\kernel\components\net\lwip\lwip-2.0.3\src\netif\lowpan6.o
LOAD build\kernel\components\net\lwip\port\ethernetif.o
LOAD build\kernel\components\net\lwip\port\sys_arch.o
LOAD build\kernel\components\net\netdev\src\netdev.o
LOAD build\kernel\components\net\netdev\src\netdev_ipaddr.o
LOAD build\kernel\components\net\sal\dfs_net\dfs_net.o
LOAD build\kernel\components\net\sal\impl\af_inet_lwip.o
LOAD build\kernel\components\net\sal\socket\net_netdb.o
LOAD build\kernel\components\net\sal\socket\net_sockets.o
LOAD build\kernel\components\net\sal\src\sal_socket.o
LOAD build\kernel\components\utilities\resource\resource_id.o
LOAD build\kernel\components\utilities\ulog\backend\console_be.o
LOAD build\kernel\components\utilities\ulog\ulog.o
LOAD build\kernel\libcpu\arm\common\atomic_arm.o
LOAD build\kernel\libcpu\arm\common\div0.o
LOAD build\kernel\libcpu\arm\common\showmem.o
LOAD build\kernel\libcpu\arm\cortex-m33\context_gcc.o
LOAD build\kernel\libcpu\arm\cortex-m33\cpuport.o
LOAD build\kernel\libcpu\arm\cortex-m33\syscall_gcc.o
LOAD build\kernel\libcpu\arm\cortex-m33\trustzone.o
LOAD build\kernel\src\klibc\kerrno.o
LOAD build\kernel\src\klibc\kstdio.o
LOAD build\kernel\src\klibc\kstring.o
LOAD build\kernel\src\klibc\rt_vsnprintf_std.o
LOAD build\kernel\src\klibc\rt_vsscanf.o
LOAD build\kernel\components\dfs\dfs_v1\filesystems\devfs\devfs.o
LOAD build\kernel\components\dfs\dfs_v1\src\dfs.o
LOAD build\kernel\components\dfs\dfs_v1\src\dfs_file.o
LOAD build\kernel\components\dfs\dfs_v1\src\dfs_fs.o
LOAD build\kernel\components\dfs\dfs_v1\src\dfs_posix.o
LOAD build\kernel\components\drivers\core\device.o
LOAD build\kernel\components\drivers\i2c\dev_i2c_core.o
LOAD build\kernel\components\drivers\i2c\dev_i2c_dev.o
LOAD build\kernel\components\drivers\ipc\completion_comm.o
LOAD build\kernel\components\drivers\ipc\completion_up.o
LOAD build\kernel\components\drivers\ipc\condvar.o
LOAD build\kernel\components\drivers\ipc\dataqueue.o
LOAD build\kernel\components\drivers\ipc\pipe.o
LOAD build\kernel\components\drivers\ipc\ringblk_buf.o
LOAD build\kernel\components\drivers\ipc\ringbuffer.o
LOAD build\kernel\components\drivers\ipc\waitqueue.o
LOAD build\kernel\components\drivers\ipc\workqueue.o
LOAD build\kernel\components\drivers\mtd\mtd_nor.o
LOAD build\kernel\components\drivers\pin\dev_pin.o
LOAD build\kernel\components\drivers\rtc\dev_rtc.o
LOAD build\kernel\components\drivers\rtc\dev_soft_rtc.o
LOAD build\kernel\components\drivers\serial\dev_serial.o
LOAD build\kernel\components\finsh\cmd.o
LOAD build\kernel\components\finsh\msh.o
LOAD build\kernel\components\finsh\msh_file.o
LOAD build\kernel\components\finsh\msh_parse.o
LOAD build\kernel\components\finsh\shell.o
LOAD build\kernel\src\clock.o
LOAD build\kernel\src\components.o
LOAD build\kernel\src\cpu_up.o
LOAD build\kernel\src\defunct.o
LOAD build\kernel\src\idle.o
LOAD build\kernel\src\ipc.o
LOAD build\kernel\src\irq.o
LOAD build\kernel\src\kservice.o
LOAD build\kernel\src\mem.o
LOAD build\kernel\src\mempool.o
LOAD build\kernel\src\object.o
LOAD build\kernel\src\scheduler_comm.o
LOAD build\kernel\src\scheduler_up.o
LOAD build\kernel\src\thread.o
LOAD build\kernel\src\timer.o
LOAD c:/users/admin/.eide/tools/gcc_arm/bin/../lib/gcc/arm-none-eabi/10.2.1/../../../../arm-none-eabi/lib/thumb/v8-m.main+fp/hard\libc_nano.a
LOAD c:/users/admin/.eide/tools/gcc_arm/bin/../lib/gcc/arm-none-eabi/10.2.1/../../../../arm-none-eabi/lib/thumb/v8-m.main+fp/hard\libm.a
START GROUP
LOAD c:/users/admin/.eide/tools/gcc_arm/bin/../lib/gcc/arm-none-eabi/10.2.1/thumb/v8-m.main+fp/hard\libgcc.a
LOAD c:/users/admin/.eide/tools/gcc_arm/bin/../lib/gcc/arm-none-eabi/10.2.1/../../../../arm-none-eabi/lib/thumb/v8-m.main+fp/hard\libc_nano.a
END GROUP
START GROUP
LOAD c:/users/admin/.eide/tools/gcc_arm/bin/../lib/gcc/arm-none-eabi/10.2.1/thumb/v8-m.main+fp/hard\libgcc.a
LOAD c:/users/admin/.eide/tools/gcc_arm/bin/../lib/gcc/arm-none-eabi/10.2.1/../../../../arm-none-eabi/lib/thumb/v8-m.main+fp/hard\libc_nano.a
LOAD c:/users/admin/.eide/tools/gcc_arm/bin/../lib/gcc/arm-none-eabi/10.2.1/../../../../arm-none-eabi/lib/thumb/v8-m.main+fp/hard\libnosys.a
END GROUP
START GROUP
LOAD c:/users/admin/.eide/tools/gcc_arm/bin/../lib/gcc/arm-none-eabi/10.2.1/thumb/v8-m.main+fp/hard\libgcc.a
LOAD c:/users/admin/.eide/tools/gcc_arm/bin/../lib/gcc/arm-none-eabi/10.2.1/../../../../arm-none-eabi/lib/thumb/v8-m.main+fp/hard\libc_nano.a
LOAD c:/users/admin/.eide/tools/gcc_arm/bin/../lib/gcc/arm-none-eabi/10.2.1/../../../../arm-none-eabi/lib/thumb/v8-m.main+fp/hard\libnosys.a
END GROUP
LOAD c:/users/admin/.eide/tools/gcc_arm/bin/../lib/gcc/arm-none-eabi/10.2.1/thumb/v8-m.main+fp/hard/crtend.o
LOAD c:/users/admin/.eide/tools/gcc_arm/bin/../lib/gcc/arm-none-eabi/10.2.1/thumb/v8-m.main+fp/hard/crtn.o
                0x00009000                HEAP_SIZE = DEFINED (__heap_size__)?__heap_size__:0x400
                0x00000400                STACK_SIZE = DEFINED (__stack_size__)?__stack_size__:0x400

.interrupts     0x00000000      0x1a4
                0x00000000                . = ALIGN (0x4)
 *(.isr_vector)
 .isr_vector    0x00000000      0x1a4 build\packages\nxp-mcx-series-latest\MCXA156\gcc\startup_MCXA156.o
                0x00000000                __Vectors
                0x000001a4                . = ALIGN (0x4)

.text           0x00000200    0x58848
                0x00000200                . = ALIGN (0x4)
 *(.text)
 .text          0x00000200       0x40 c:/users/admin/.eide/tools/gcc_arm/bin/../lib/gcc/arm-none-eabi/10.2.1/thumb/v8-m.main+fp/hard/crtbegin.o
 .text          0x00000240      0x388 build\packages\nxp-mcx-series-latest\MCXA156\gcc\startup_MCXA156.o
                0x00000240                Reset_Handler
                0x000002d4                SCG0_DriverIRQHandler
                0x000002d4                CMC_DriverIRQHandler
                0x000002d4                FLEXPWM0_SUBMODULE0_DriverIRQHandler
                0x000002d4                GPIO4_DriverIRQHandler
                0x000002d4                WUU0_DriverIRQHandler
                0x000002d4                GPIO1_DriverIRQHandler
                0x000002d4                DebugMon_Handler
                0x000002d4                Reserved86_DriverIRQHandler
                0x000002d4                QDC1_HOME_DriverIRQHandler
                0x000002d4                Reserved37_DriverIRQHandler
                0x000002d4                Reserved46_DriverIRQHandler
                0x000002d4                BusFault_Handler
                0x000002d4                SPC0_DriverIRQHandler
                0x000002d4                CAN0_DriverIRQHandler
                0x000002d4                CDOG0_DriverIRQHandler
                0x000002d4                MBC0_DriverIRQHandler
                0x000002d4                CMP0_DriverIRQHandler
                0x000002d4                LPTMR0_DriverIRQHandler
                0x000002d4                ADC0_DriverIRQHandler
                0x000002d4                FLEXPWM1_SUBMODULE1_DriverIRQHandler
                0x000002d4                FLEXPWM0_SUBMODULE1_DriverIRQHandler
                0x000002d4                Reserved85_DriverIRQHandler
                0x000002d4                GPIO2_DriverIRQHandler
                0x000002d4                Reserved100_DriverIRQHandler
                0x000002d4                FLEXPWM0_RELOAD_ERROR_DriverIRQHandler
                0x000002d4                QDC0_HOME_DriverIRQHandler
                0x000002d4                Reserved16_DriverIRQHandler
                0x000002d4                Reserved82_DriverIRQHandler
                0x000002d4                FLEXPWM1_SUBMODULE2_DriverIRQHandler
                0x000002d4                Reserved77_DriverIRQHandler
                0x000002d4                QDC1_COMPARE_DriverIRQHandler
                0x000002d4                FMU0_DriverIRQHandler
                0x000002d4                QDC0_WATCHDOG_DriverIRQHandler
                0x000002d4                FLEXPWM1_RELOAD_ERROR_DriverIRQHandler
                0x000002d4                ERM0_MULTI_BIT_DriverIRQHandler
                0x000002d4                ERM0_SINGLE_BIT_DriverIRQHandler
                0x000002d4                Reserved65_DriverIRQHandler
                0x000002d4                VBAT0_DriverIRQHandler
                0x000002d4                Reserved72_DriverIRQHandler
                0x000002d4                Reserved36_DriverIRQHandler
                0x000002d4                FLEXPWM1_SUBMODULE0_DriverIRQHandler
                0x000002d4                Reserved92_DriverIRQHandler
                0x000002d4                UsageFault_Handler
                0x000002d4                CMP1_DriverIRQHandler
                0x000002d4                QDC1_INDEX_DriverIRQHandler
                0x000002d4                ADC1_DriverIRQHandler
                0x000002d4                DefaultISR
                0x000002d4                USB0_DriverIRQHandler
                0x000002d4                SecureFault_Handler
                0x000002d4                QDC0_COMPARE_DriverIRQHandler
                0x000002d4                FLEXPWM1_FAULT_DriverIRQHandler
                0x000002d4                QDC0_INDEX_DriverIRQHandler
                0x000002d4                Reserved53_DriverIRQHandler
                0x000002d4                QDC1_WATCHDOG_DriverIRQHandler
                0x000002d4                FREQME0_DriverIRQHandler
                0x000002d4                Reserved38_DriverIRQHandler
                0x000002d4                GPIO0_DriverIRQHandler
                0x000002d4                GPIO3_DriverIRQHandler
                0x000002d4                FLEXIO_DriverIRQHandler
                0x000002d4                DAC0_DriverIRQHandler
                0x000002d4                GLIKEY0_DriverIRQHandler
                0x000002d4                Reserved41_DriverIRQHandler
                0x000002d4                FLEXPWM0_SUBMODULE2_DriverIRQHandler
                0x000002d4                WWDT0_DriverIRQHandler
                0x000002d4                FLEXPWM0_FAULT_DriverIRQHandler
                0x000002d4                Reserved84_DriverIRQHandler
                0x000002d8                NMI_Handler
                0x000002ec                Reserved16_IRQHandler
                0x000002f0                CMC_IRQHandler
                0x000002f4                DMA_CH0_IRQHandler
                0x000002f8                DMA_CH1_IRQHandler
                0x000002fc                DMA_CH2_IRQHandler
                0x00000300                DMA_CH3_IRQHandler
                0x00000304                DMA_CH4_IRQHandler
                0x00000308                DMA_CH5_IRQHandler
                0x0000030c                DMA_CH6_IRQHandler
                0x00000310                DMA_CH7_IRQHandler
                0x00000314                ERM0_SINGLE_BIT_IRQHandler
                0x00000318                ERM0_MULTI_BIT_IRQHandler
                0x0000031c                FMU0_IRQHandler
                0x00000320                GLIKEY0_IRQHandler
                0x00000324                MBC0_IRQHandler
                0x00000328                SCG0_IRQHandler
                0x0000032c                SPC0_IRQHandler
                0x00000330                VBAT0_IRQHandler
                0x00000334                WUU0_IRQHandler
                0x00000338                CAN0_IRQHandler
                0x0000033c                Reserved36_IRQHandler
                0x00000340                Reserved37_IRQHandler
                0x00000344                Reserved38_IRQHandler
                0x00000348                FLEXIO_IRQHandler
                0x0000034c                I3C0_IRQHandler
                0x00000350                Reserved41_IRQHandler
                0x00000354                LPI2C0_IRQHandler
                0x00000358                LPI2C1_IRQHandler
                0x0000035c                LPSPI0_IRQHandler
                0x00000360                LPSPI1_IRQHandler
                0x00000364                Reserved46_IRQHandler
                0x0000036c                LPUART1_IRQHandler
                0x00000370                LPUART2_IRQHandler
                0x00000374                LPUART3_IRQHandler
                0x00000378                LPUART4_IRQHandler
                0x00000380                Reserved53_IRQHandler
                0x00000384                CDOG0_IRQHandler
                0x00000388                CTIMER0_IRQHandler
                0x0000038c                CTIMER1_IRQHandler
                0x00000390                CTIMER2_IRQHandler
                0x00000394                CTIMER3_IRQHandler
                0x00000398                CTIMER4_IRQHandler
                0x0000039c                FLEXPWM0_RELOAD_ERROR_IRQHandler
                0x000003a0                FLEXPWM0_FAULT_IRQHandler
                0x000003a4                FLEXPWM0_SUBMODULE0_IRQHandler
                0x000003a8                FLEXPWM0_SUBMODULE1_IRQHandler
                0x000003ac                FLEXPWM0_SUBMODULE2_IRQHandler
                0x000003b0                Reserved65_IRQHandler
                0x000003b4                QDC0_COMPARE_IRQHandler
                0x000003b8                QDC0_HOME_IRQHandler
                0x000003bc                QDC0_WATCHDOG_IRQHandler
                0x000003c0                QDC0_INDEX_IRQHandler
                0x000003c4                FREQME0_IRQHandler
                0x000003c8                LPTMR0_IRQHandler
                0x000003cc                Reserved72_IRQHandler
                0x000003d0                OS_EVENT_IRQHandler
                0x000003d4                WAKETIMER0_IRQHandler
                0x000003d8                UTICK0_IRQHandler
                0x000003dc                WWDT0_IRQHandler
                0x000003e0                Reserved77_IRQHandler
                0x000003e4                ADC0_IRQHandler
                0x000003e8                ADC1_IRQHandler
                0x000003ec                CMP0_IRQHandler
                0x000003f0                CMP1_IRQHandler
                0x000003f4                Reserved82_IRQHandler
                0x000003f8                DAC0_IRQHandler
                0x000003fc                Reserved84_IRQHandler
                0x00000400                Reserved85_IRQHandler
                0x00000404                Reserved86_IRQHandler
                0x0000041c                Reserved92_IRQHandler
                0x00000420                LPI2C2_IRQHandler
                0x00000424                LPI2C3_IRQHandler
                0x00000428                FLEXPWM1_RELOAD_ERROR_IRQHandler
                0x0000042c                FLEXPWM1_FAULT_IRQHandler
                0x00000430                FLEXPWM1_SUBMODULE0_IRQHandler
                0x00000434                FLEXPWM1_SUBMODULE1_IRQHandler
                0x00000438                FLEXPWM1_SUBMODULE2_IRQHandler
                0x0000043c                Reserved100_IRQHandler
                0x00000440                QDC1_COMPARE_IRQHandler
                0x00000444                QDC1_HOME_IRQHandler
                0x00000448                QDC1_WATCHDOG_IRQHandler
                0x0000044c                QDC1_INDEX_IRQHandler
 .text          0x000005c8      0x1b4 build\kernel\libcpu\arm\cortex-m33\context_gcc.o
                0x000005c8                rt_hw_interrupt_disable
                0x000005d0                rt_hw_interrupt_enable
                0x000005d6                rt_hw_context_switch_interrupt
                0x000005d6                rt_hw_context_switch
                0x000005f6                PendSV_Handler
                0x000006b8                rt_hw_context_switch_to
                0x00000706                rt_hw_interrupt_thread_switch
                0x0000070a                HardFault_Handler
 .text          0x0000077c       0x38 build\kernel\libcpu\arm\cortex-m33\syscall_gcc.o
                0x0000077c                tzcall
                0x00000798                SVC_Handler
 .text          0x000007b4       0x14 c:/users/admin/.eide/tools/gcc_arm/bin/../lib/gcc/arm-none-eabi/10.2.1/../../../../arm-none-eabi/lib/thumb/v8-m.main+fp/hard\libc_nano.a(lib_a-strcmp.o)
                0x000007b4                strcmp
 .text          0x000007c8       0x10 c:/users/admin/.eide/tools/gcc_arm/bin/../lib/gcc/arm-none-eabi/10.2.1/../../../../arm-none-eabi/lib/thumb/v8-m.main+fp/hard\libc_nano.a(lib_a-strlen.o)
                0x000007c8                strlen
 .text          0x000007d8      0x378 c:/users/admin/.eide/tools/gcc_arm/bin/../lib/gcc/arm-none-eabi/10.2.1/thumb/v8-m.main+fp/hard\libgcc.a(_arm_addsubdf3.o)
                0x000007d8                __aeabi_drsub
                0x000007e0                __aeabi_dsub
                0x000007e0                __subdf3
                0x000007e4                __aeabi_dadd
                0x000007e4                __adddf3
                0x00000a5c                __floatunsidf
                0x00000a5c                __aeabi_ui2d
                0x00000a7c                __floatsidf
                0x00000a7c                __aeabi_i2d
                0x00000aa0                __aeabi_f2d
                0x00000aa0                __extendsfdf2
                0x00000ae4                __floatundidf
                0x00000ae4                __aeabi_ul2d
                0x00000af4                __floatdidf
                0x00000af4                __aeabi_l2d
 .text          0x00000b50      0x424 c:/users/admin/.eide/tools/gcc_arm/bin/../lib/gcc/arm-none-eabi/10.2.1/thumb/v8-m.main+fp/hard\libgcc.a(_arm_muldivdf3.o)
                0x00000b50                __aeabi_dmul
                0x00000b50                __muldf3
                0x00000da4                __divdf3
                0x00000da4                __aeabi_ddiv
 .text          0x00000f74      0x110 c:/users/admin/.eide/tools/gcc_arm/bin/../lib/gcc/arm-none-eabi/10.2.1/thumb/v8-m.main+fp/hard\libgcc.a(_arm_cmpdf2.o)
                0x00000f74                __gtdf2
                0x00000f74                __gedf2
                0x00000f7c                __ltdf2
                0x00000f7c                __ledf2
                0x00000f84                __nedf2
                0x00000f84                __eqdf2
                0x00000f84                __cmpdf2
                0x00001000                __aeabi_cdrcmple
                0x00001010                __aeabi_cdcmpeq
                0x00001010                __aeabi_cdcmple
                0x00001020                __aeabi_dcmpeq
                0x00001034                __aeabi_dcmplt
                0x00001048                __aeabi_dcmple
                0x0000105c                __aeabi_dcmpge
                0x00001070                __aeabi_dcmpgt
 .text          0x00001084       0x2c c:/users/admin/.eide/tools/gcc_arm/bin/../lib/gcc/arm-none-eabi/10.2.1/thumb/v8-m.main+fp/hard\libgcc.a(_arm_unorddf2.o)
                0x00001084                __unorddf2
                0x00001084                __aeabi_dcmpun
 .text          0x000010b0       0x50 c:/users/admin/.eide/tools/gcc_arm/bin/../lib/gcc/arm-none-eabi/10.2.1/thumb/v8-m.main+fp/hard\libgcc.a(_arm_fixdfsi.o)
                0x000010b0                __aeabi_d2iz
                0x000010b0                __fixdfsi
 .text          0x00001100       0x40 c:/users/admin/.eide/tools/gcc_arm/bin/../lib/gcc/arm-none-eabi/10.2.1/thumb/v8-m.main+fp/hard\libgcc.a(_arm_fixunsdfsi.o)
                0x00001100                __aeabi_d2uiz
                0x00001100                __fixunsdfsi
 .text          0x00001140       0xa0 c:/users/admin/.eide/tools/gcc_arm/bin/../lib/gcc/arm-none-eabi/10.2.1/thumb/v8-m.main+fp/hard\libgcc.a(_aeabi_ldivmod.o)
                0x00001140                __aeabi_ldivmod
 .text          0x000011e0       0x30 c:/users/admin/.eide/tools/gcc_arm/bin/../lib/gcc/arm-none-eabi/10.2.1/thumb/v8-m.main+fp/hard\libgcc.a(_aeabi_uldivmod.o)
                0x000011e0                __aeabi_uldivmod
 .text          0x00001210       0x28 c:/users/admin/.eide/tools/gcc_arm/bin/../lib/gcc/arm-none-eabi/10.2.1/thumb/v8-m.main+fp/hard\libgcc.a(_popcountsi2.o)
                0x00001210                __popcountsi2
 .text          0x00001238       0x30 c:/users/admin/.eide/tools/gcc_arm/bin/../lib/gcc/arm-none-eabi/10.2.1/thumb/v8-m.main+fp/hard\libgcc.a(_fixdfdi.o)
                0x00001238                __fixdfdi
                0x00001238                __aeabi_d2lz
 .text          0x00001268       0x3c c:/users/admin/.eide/tools/gcc_arm/bin/../lib/gcc/arm-none-eabi/10.2.1/thumb/v8-m.main+fp/hard\libgcc.a(_fixunsdfdi.o)
                0x00001268                __fixunsdfdi
                0x00001268                __aeabi_d2ulz
 .text          0x000012a4      0x2ec c:/users/admin/.eide/tools/gcc_arm/bin/../lib/gcc/arm-none-eabi/10.2.1/thumb/v8-m.main+fp/hard\libgcc.a(_udivmoddi4.o)
                0x000012a4                __udivmoddi4
 .text          0x00001590        0x4 c:/users/admin/.eide/tools/gcc_arm/bin/../lib/gcc/arm-none-eabi/10.2.1/thumb/v8-m.main+fp/hard\libgcc.a(_dvmd_tls.o)
                0x00001590                __aeabi_idiv0
                0x00001590                __aeabi_ldiv0
 *(.text*)
 .text.FLASH_Init
                0x00001594       0x20 Libraries\drivers\drv_chipflash.o
 .text.FLASH_EraseSector
                0x000015b4       0x2c Libraries\drivers\drv_chipflash.o
 .text.FLASH_ProgramPhrase
                0x000015e0       0x2c Libraries\drivers\drv_chipflash.o
 .text.FLASH_GetProperty
                0x0000160c       0x2c Libraries\drivers\drv_chipflash.o
 .text.nxp_chipflash_read
                0x00001638       0x44 Libraries\drivers\drv_chipflash.o
                0x00001638                nxp_chipflash_read
 .text.nxp_chipflash_write
                0x0000167c       0x54 Libraries\drivers\drv_chipflash.o
                0x0000167c                nxp_chipflash_write
 .text.nxp_chipflash_erase_block
                0x000016d0       0x50 Libraries\drivers\drv_chipflash.o
                0x000016d0                nxp_chipflash_erase_block
 .text.rt_onchip_flash_init
                0x00001720      0x11c Libraries\drivers\drv_chipflash.o
                0x00001720                rt_onchip_flash_init
 .text.lpc_i2c_xfer
                0x0000183c       0xfa Libraries\drivers\drv_i2c.o
 *fill*         0x00001936        0x2 
 .text.rt_hw_i2c_init
                0x00001938       0xdc Libraries\drivers\drv_i2c.o
                0x00001938                rt_hw_i2c_init
 .text.__NVIC_EnableIRQ
                0x00001a14       0x3c Libraries\drivers\drv_pin.o
 .text.__NVIC_DisableIRQ
                0x00001a50       0x48 Libraries\drivers\drv_pin.o
 .text.EnableIRQ
                0x00001a98       0x32 Libraries\drivers\drv_pin.o
 .text.DisableIRQ
                0x00001aca       0x32 Libraries\drivers\drv_pin.o
 .text.GPIO_PinWrite
                0x00001afc       0x36 Libraries\drivers\drv_pin.o
 .text.GPIO_PinRead
                0x00001b32       0x24 Libraries\drivers\drv_pin.o
 *fill*         0x00001b56        0x2 
 .text.GPIO_SetPinInterruptConfig
                0x00001b58       0x5c Libraries\drivers\drv_pin.o
 .text.PORT_SetPinConfig
                0x00001bb4       0x48 Libraries\drivers\drv_pin.o
 .text.mcx_pin_mode
                0x00001bfc      0x12c Libraries\drivers\drv_pin.o
 .text.mcx_pin_write
                0x00001d28       0x48 Libraries\drivers\drv_pin.o
 .text.mcx_pin_read
                0x00001d70       0x40 Libraries\drivers\drv_pin.o
 .text.pin_irq_handler
                0x00001db0       0xc4 Libraries\drivers\drv_pin.o
 .text.GPIO0_IRQHandler
                0x00001e74        0xe Libraries\drivers\drv_pin.o
                0x00001e74                GPIO0_IRQHandler
 .text.GPIO1_IRQHandler
                0x00001e82        0xe Libraries\drivers\drv_pin.o
                0x00001e82                GPIO1_IRQHandler
 .text.GPIO2_IRQHandler
                0x00001e90        0xe Libraries\drivers\drv_pin.o
                0x00001e90                GPIO2_IRQHandler
 .text.GPIO3_IRQHandler
                0x00001e9e        0xe Libraries\drivers\drv_pin.o
                0x00001e9e                GPIO3_IRQHandler
 .text.GPIO4_IRQHandler
                0x00001eac        0xe Libraries\drivers\drv_pin.o
                0x00001eac                GPIO4_IRQHandler
 *fill*         0x00001eba        0x2 
 .text.mcx_pin_attach_irq
                0x00001ebc      0x154 Libraries\drivers\drv_pin.o
 .text.mcx_pin_detach_irq
                0x00002010       0x44 Libraries\drivers\drv_pin.o
 .text.mcx_pin_irq_enable
                0x00002054       0x50 Libraries\drivers\drv_pin.o
 .text.rt_hw_pin_init
                0x000020a4       0x6c Libraries\drivers\drv_pin.o
                0x000020a4                rt_hw_pin_init
 .text.__NVIC_EnableIRQ
                0x00002110       0x3c Libraries\drivers\drv_uart.o
 .text.__NVIC_DisableIRQ
                0x0000214c       0x48 Libraries\drivers\drv_uart.o
 .text.CLOCK_EnableClock
                0x00002194       0xb0 Libraries\drivers\drv_uart.o
 .text.EnableIRQ
                0x00002244       0x32 Libraries\drivers\drv_uart.o
 .text.DisableIRQ
                0x00002276       0x32 Libraries\drivers\drv_uart.o
 .text.LPUART_WriteByte
                0x000022a8       0x1e Libraries\drivers\drv_uart.o
 .text.LPUART_ReadByte
                0x000022c6       0x6e Libraries\drivers\drv_uart.o
 .text.LPUART0_IRQHandler
                0x00002334       0x14 Libraries\drivers\drv_uart.o
                0x00002334                LPUART0_IRQHandler
 .text.mcx_configure
                0x00002348       0xb4 Libraries\drivers\drv_uart.o
 .text.mcx_control
                0x000023fc       0x78 Libraries\drivers\drv_uart.o
 .text.mcx_putc
                0x00002474       0x40 Libraries\drivers\drv_uart.o
 .text.mcx_getc
                0x000024b4       0x3c Libraries\drivers\drv_uart.o
 .text.uart_isr
                0x000024f0       0x54 Libraries\drivers\drv_uart.o
 .text.rt_hw_uart_init
                0x00002544       0x98 Libraries\drivers\drv_uart.o
                0x00002544                rt_hw_uart_init
 .text.main     0x000025dc       0x64 build\applications\main.o
                0x000025dc                main
 .text.ensure_p3t_ready
                0x00002640       0x40 build\applications\mqtt_temp_publisher.o
 .text.temp_publish_thread_entry
                0x00002680      0x16c build\applications\mqtt_temp_publisher.o
 .text.mqtt_handle_incoming_text
                0x000027ec       0x64 build\applications\mqtt_temp_publisher.o
 .text.mqtt_sub_callback
                0x00002850       0x32 build\applications\mqtt_temp_publisher.o
 .text.mqtt_sub_default_callback
                0x00002882       0x1a build\applications\mqtt_temp_publisher.o
 .text.mqtt_connect_callback
                0x0000289c       0x24 build\applications\mqtt_temp_publisher.o
 .text.mqtt_online_callback
                0x000028c0       0x24 build\applications\mqtt_temp_publisher.o
 .text.mqtt_offline_callback
                0x000028e4       0x24 build\applications\mqtt_temp_publisher.o
 .text.publish_model_reply
                0x00002908       0x68 build\applications\mqtt_temp_publisher.o
 .text.model_work_handler
                0x00002970      0x288 build\applications\mqtt_temp_publisher.o
 .text.mqtt_model_request_schedule
                0x00002bf8       0x84 build\applications\mqtt_temp_publisher.o
 .text.mqtt_client_start
                0x00002c7c      0x16c build\applications\mqtt_temp_publisher.o
 .text.temp_publish_start
                0x00002de8       0x94 build\applications\mqtt_temp_publisher.o
 .text.mqtt_app_autostart
                0x00002e7c       0x12 build\applications\mqtt_temp_publisher.o
 .text.autostart_work_handler
                0x00002e8e       0x16 build\applications\mqtt_temp_publisher.o
 .text.mqtt_app_autostart_schedule
                0x00002ea4       0x28 build\applications\mqtt_temp_publisher.o
 .text.RESET_ReleasePeripheralReset
                0x00002ecc       0x1a build\board\MCUX_Config\board\clock_config.o
 *fill*         0x00002ee6        0x2 
 .text.CLOCK_EnableClock
                0x00002ee8       0xb0 build\board\MCUX_Config\board\clock_config.o
 .text.BOARD_InitBootClocks
                0x00002f98       0x50 build\board\MCUX_Config\board\clock_config.o
                0x00002f98                BOARD_InitBootClocks
 .text.BOARD_BootClockFRO96M
                0x00002fe8       0xd0 build\board\MCUX_Config\board\clock_config.o
                0x00002fe8                BOARD_BootClockFRO96M
 .text.CLOCK_EnableClock
                0x000030b8       0xb0 build\board\MCUX_Config\board\pin_mux.o
 .text.RESET_ReleasePeripheralReset
                0x00003168       0x1a build\board\MCUX_Config\board\pin_mux.o
 *fill*         0x00003182        0x2 
 .text.PORT_SetPinConfig
                0x00003184       0x48 build\board\MCUX_Config\board\pin_mux.o
 .text.BOARD_InitBootPins
                0x000031cc        0xc build\board\MCUX_Config\board\pin_mux.o
                0x000031cc                BOARD_InitBootPins
 .text.BOARD_InitPins
                0x000031d8      0x194 build\board\MCUX_Config\board\pin_mux.o
                0x000031d8                BOARD_InitPins
 .text.__NVIC_SetPriority
                0x0000336c       0x54 build\board\board.o
 .text.SysTick_Config
                0x000033c0       0x44 build\board\board.o
 .text.SysTick_Handler
                0x00003404       0x14 build\board\board.o
                0x00003404                SysTick_Handler
 .text.rt_hw_board_init
                0x00003418       0x64 build\board\board.o
                0x00003418                rt_hw_board_init
 .text.MemManage_Handler
                0x0000347c       0x18 build\board\board.o
                0x0000347c                MemManage_Handler
 .text.rt_hw_mcx_cherryusb_rndis_init
                0x00003494       0x18 build\board\ports\cherryusb\cherryusb.o
 .text.case_insensitive_strcmp
                0x000034ac       0xd8 build\packages\cJSON-v1.7.17\cJSON.o
 .text.cJSON_strdup
                0x00003584       0x50 build\packages\cJSON-v1.7.17\cJSON.o
 .text.cJSON_New_Item
                0x000035d4       0x2c build\packages\cJSON-v1.7.17\cJSON.o
 .text.cJSON_Delete
                0x00003600       0x94 build\packages\cJSON-v1.7.17\cJSON.o
                0x00003600                cJSON_Delete
 .text.get_decimal_point
                0x00003694       0x10 build\packages\cJSON-v1.7.17\cJSON.o
 *fill*         0x000036a4        0x4 
 .text.parse_number
                0x000036a8      0x1dc build\packages\cJSON-v1.7.17\cJSON.o
 .text.ensure   0x00003884      0x134 build\packages\cJSON-v1.7.17\cJSON.o
 .text.update_offset
                0x000039b8       0x42 build\packages\cJSON-v1.7.17\cJSON.o
 *fill*         0x000039fa        0x2 
 .text.compare_double
                0x000039fc       0x90 build\packages\cJSON-v1.7.17\cJSON.o
 .text.print_number
                0x00003a8c      0x1e0 build\packages\cJSON-v1.7.17\cJSON.o
 .text.parse_hex4
                0x00003c6c       0xc4 build\packages\cJSON-v1.7.17\cJSON.o
 .text.utf16_literal_to_utf8
                0x00003d30      0x1d0 build\packages\cJSON-v1.7.17\cJSON.o
 .text.parse_string
                0x00003f00      0x28c build\packages\cJSON-v1.7.17\cJSON.o
 .text.print_string_ptr
                0x0000418c      0x260 build\packages\cJSON-v1.7.17\cJSON.o
 .text.print_string
                0x000043ec       0x20 build\packages\cJSON-v1.7.17\cJSON.o
 .text.buffer_skip_whitespace
                0x0000440c       0x80 build\packages\cJSON-v1.7.17\cJSON.o
 .text.skip_utf8_bom
                0x0000448c       0x68 build\packages\cJSON-v1.7.17\cJSON.o
 .text.cJSON_ParseWithLengthOpts
                0x000044f4      0x134 build\packages\cJSON-v1.7.17\cJSON.o
                0x000044f4                cJSON_ParseWithLengthOpts
 .text.cJSON_ParseWithLength
                0x00004628       0x20 build\packages\cJSON-v1.7.17\cJSON.o
                0x00004628                cJSON_ParseWithLength
 .text.print    0x00004648      0x108 build\packages\cJSON-v1.7.17\cJSON.o
 .text.cJSON_PrintUnformatted
                0x00004750       0x20 build\packages\cJSON-v1.7.17\cJSON.o
                0x00004750                cJSON_PrintUnformatted
 .text.parse_value
                0x00004770      0x1d8 build\packages\cJSON-v1.7.17\cJSON.o
 .text.print_value
                0x00004948      0x1c8 build\packages\cJSON-v1.7.17\cJSON.o
 .text.parse_array
                0x00004b10      0x188 build\packages\cJSON-v1.7.17\cJSON.o
 .text.print_array
                0x00004c98      0x10c build\packages\cJSON-v1.7.17\cJSON.o
 .text.parse_object
                0x00004da4      0x1fe build\packages\cJSON-v1.7.17\cJSON.o
 .text.print_object
                0x00004fa2      0x23c build\packages\cJSON-v1.7.17\cJSON.o
 .text.cJSON_GetArraySize
                0x000051de       0x42 build\packages\cJSON-v1.7.17\cJSON.o
                0x000051de                cJSON_GetArraySize
 .text.get_array_item
                0x00005220       0x46 build\packages\cJSON-v1.7.17\cJSON.o
 .text.cJSON_GetArrayItem
                0x00005266       0x28 build\packages\cJSON-v1.7.17\cJSON.o
                0x00005266                cJSON_GetArrayItem
 .text.get_object_item
                0x0000528e       0x90 build\packages\cJSON-v1.7.17\cJSON.o
 .text.cJSON_GetObjectItem
                0x0000531e       0x1e build\packages\cJSON-v1.7.17\cJSON.o
                0x0000531e                cJSON_GetObjectItem
 .text.suffix_object
                0x0000533c       0x22 build\packages\cJSON-v1.7.17\cJSON.o
 .text.add_item_to_array
                0x0000535e       0x6c build\packages\cJSON-v1.7.17\cJSON.o
 .text.cJSON_AddItemToArray
                0x000053ca       0x1c build\packages\cJSON-v1.7.17\cJSON.o
                0x000053ca                cJSON_AddItemToArray
 .text.cast_away_const
                0x000053e6       0x16 build\packages\cJSON-v1.7.17\cJSON.o
 .text.add_item_to_object
                0x000053fc       0xaa build\packages\cJSON-v1.7.17\cJSON.o
 *fill*         0x000054a6        0x2 
 .text.cJSON_AddNumberToObject
                0x000054a8       0x48 build\packages\cJSON-v1.7.17\cJSON.o
                0x000054a8                cJSON_AddNumberToObject
 .text.cJSON_AddStringToObject
                0x000054f0       0x44 build\packages\cJSON-v1.7.17\cJSON.o
                0x000054f0                cJSON_AddStringToObject
 .text.cJSON_AddObjectToObject
                0x00005534       0x40 build\packages\cJSON-v1.7.17\cJSON.o
                0x00005534                cJSON_AddObjectToObject
 .text.cJSON_AddArrayToObject
                0x00005574       0x40 build\packages\cJSON-v1.7.17\cJSON.o
                0x00005574                cJSON_AddArrayToObject
 *fill*         0x000055b4        0x4 
 .text.cJSON_CreateNumber
                0x000055b8       0x90 build\packages\cJSON-v1.7.17\cJSON.o
                0x000055b8                cJSON_CreateNumber
 .text.cJSON_CreateString
                0x00005648       0x4c build\packages\cJSON-v1.7.17\cJSON.o
                0x00005648                cJSON_CreateString
 .text.cJSON_CreateArray
                0x00005694       0x28 build\packages\cJSON-v1.7.17\cJSON.o
                0x00005694                cJSON_CreateArray
 .text.cJSON_CreateObject
                0x000056bc       0x28 build\packages\cJSON-v1.7.17\cJSON.o
                0x000056bc                cJSON_CreateObject
 .text.cJSON_IsString
                0x000056e4       0x2e build\packages\cJSON-v1.7.17\cJSON.o
                0x000056e4                cJSON_IsString
 *fill*         0x00005712        0x2 
 .text.cJSON_free
                0x00005714       0x1c build\packages\cJSON-v1.7.17\cJSON.o
                0x00005714                cJSON_free
 .text._lfs_lock
                0x00005730       0x32 build\packages\littlefs-latest\dfs_lfs.o
                0x00005730                _lfs_lock
 .text._lfs_unlock
                0x00005762       0x2e build\packages\littlefs-latest\dfs_lfs.o
                0x00005762                _lfs_unlock
 .text._lfs_flash_read
                0x00005790       0x74 build\packages\littlefs-latest\dfs_lfs.o
 .text._lfs_flash_prog
                0x00005804       0x74 build\packages\littlefs-latest\dfs_lfs.o
 .text._lfs_flash_erase
                0x00005878       0x6c build\packages\littlefs-latest\dfs_lfs.o
 .text._lfs_flash_sync
                0x000058e4       0x16 build\packages\littlefs-latest\dfs_lfs.o
 *fill*         0x000058fa        0x2 
 .text._get_disk
                0x000058fc       0x7c build\packages\littlefs-latest\dfs_lfs.o
 .text._lfs_result_to_dfs
                0x00005978      0x1e0 build\packages\littlefs-latest\dfs_lfs.o
 .text._lfs_load_config
                0x00005b58      0x10c build\packages\littlefs-latest\dfs_lfs.o
 .text._dfs_lfs_mount
                0x00005c64       0xd8 build\packages\littlefs-latest\dfs_lfs.o
 .text._dfs_lfs_unmount
                0x00005d3c       0x98 build\packages\littlefs-latest\dfs_lfs.o
 .text._dfs_lfs_mkfs
                0x00005dd4      0x144 build\packages\littlefs-latest\dfs_lfs.o
 .text._dfs_lfs_statfs_count
                0x00005f18       0x22 build\packages\littlefs-latest\dfs_lfs.o
 *fill*         0x00005f3a        0x2 
 .text._dfs_lfs_statfs
                0x00005f3c       0xac build\packages\littlefs-latest\dfs_lfs.o
 .text._dfs_lfs_unlink
                0x00005fe8       0x60 build\packages\littlefs-latest\dfs_lfs.o
 .text._dfs_lfs_tostat
                0x00006048       0x6a build\packages\littlefs-latest\dfs_lfs.o
 *fill*         0x000060b2        0x2 
 .text._dfs_lfs_stat
                0x000060b4       0xf0 build\packages\littlefs-latest\dfs_lfs.o
 .text._dfs_lfs_rename
                0x000061a4       0x64 build\packages\littlefs-latest\dfs_lfs.o
 .text._dfs_lfs_open
                0x00006208      0x254 build\packages\littlefs-latest\dfs_lfs.o
 .text._dfs_lfs_close
                0x0000645c       0xf8 build\packages\littlefs-latest\dfs_lfs.o
 .text._dfs_lfs_ioctl
                0x00006554       0x1c build\packages\littlefs-latest\dfs_lfs.o
 .text._dfs_lfs_read
                0x00006570       0x8c build\packages\littlefs-latest\dfs_lfs.o
 .text._dfs_lfs_write
                0x000065fc       0x94 build\packages\littlefs-latest\dfs_lfs.o
 .text._dfs_lfs_flush
                0x00006690       0xb4 build\packages\littlefs-latest\dfs_lfs.o
 .text._dfs_lfs_lseek
                0x00006744       0xbc build\packages\littlefs-latest\dfs_lfs.o
 .text._dfs_lfs_getdents
                0x00006800      0x218 build\packages\littlefs-latest\dfs_lfs.o
 .text.dfs_lfs_init
                0x00006a18       0x14 build\packages\littlefs-latest\dfs_lfs.o
                0x00006a18                dfs_lfs_init
 .text.lfs_max  0x00006a2c       0x20 build\packages\littlefs-latest\lfs.o
 .text.lfs_min  0x00006a4c       0x20 build\packages\littlefs-latest\lfs.o
 .text.lfs_aligndown
                0x00006a6c       0x2a build\packages\littlefs-latest\lfs.o
 .text.lfs_alignup
                0x00006a96       0x24 build\packages\littlefs-latest\lfs.o
 .text.lfs_npw2
                0x00006aba       0x20 build\packages\littlefs-latest\lfs.o
 .text.lfs_ctz  0x00006ada       0x1e build\packages\littlefs-latest\lfs.o
 .text.lfs_popc
                0x00006af8       0x18 build\packages\littlefs-latest\lfs.o
 .text.lfs_scmp
                0x00006b10       0x1c build\packages\littlefs-latest\lfs.o
 .text.lfs_fromle32
                0x00006b2c       0x16 build\packages\littlefs-latest\lfs.o
 .text.lfs_tole32
                0x00006b42       0x18 build\packages\littlefs-latest\lfs.o
 .text.lfs_frombe32
                0x00006b5a       0x18 build\packages\littlefs-latest\lfs.o
 .text.lfs_tobe32
                0x00006b72       0x18 build\packages\littlefs-latest\lfs.o
 .text.lfs_malloc
                0x00006b8a       0x18 build\packages\littlefs-latest\lfs.o
 .text.lfs_free
                0x00006ba2       0x16 build\packages\littlefs-latest\lfs.o
 .text.lfs_cache_drop
                0x00006bb8       0x1e build\packages\littlefs-latest\lfs.o
 .text.lfs_cache_zero
                0x00006bd6       0x2c build\packages\littlefs-latest\lfs.o
 *fill*         0x00006c02        0x2 
 .text.lfs_bd_read
                0x00006c04      0x2a0 build\packages\littlefs-latest\lfs.o
 .text.lfs_bd_cmp
                0x00006ea4       0xa2 build\packages\littlefs-latest\lfs.o
 .text.lfs_bd_crc
                0x00006f46       0x8c build\packages\littlefs-latest\lfs.o
 *fill*         0x00006fd2        0x2 
 .text.lfs_bd_flush
                0x00006fd4       0xec build\packages\littlefs-latest\lfs.o
 .text.lfs_bd_sync
                0x000070c0       0x60 build\packages\littlefs-latest\lfs.o
 .text.lfs_bd_prog
                0x00007120      0x150 build\packages\littlefs-latest\lfs.o
 .text.lfs_bd_erase
                0x00007270       0x5c build\packages\littlefs-latest\lfs.o
 .text.lfs_path_namelen
                0x000072cc       0x20 build\packages\littlefs-latest\lfs.o
 .text.lfs_path_islast
                0x000072ec       0x40 build\packages\littlefs-latest\lfs.o
 .text.lfs_path_isdir
                0x0000732c       0x28 build\packages\littlefs-latest\lfs.o
 .text.lfs_pair_swap
                0x00007354       0x2a build\packages\littlefs-latest\lfs.o
 .text.lfs_pair_isnull
                0x0000737e       0x36 build\packages\littlefs-latest\lfs.o
 .text.lfs_pair_cmp
                0x000073b4       0x54 build\packages\littlefs-latest\lfs.o
 .text.lfs_pair_issync
                0x00007408       0x5a build\packages\littlefs-latest\lfs.o
 .text.lfs_pair_fromle32
                0x00007462       0x34 build\packages\littlefs-latest\lfs.o
 .text.lfs_pair_tole32
                0x00007496       0x34 build\packages\littlefs-latest\lfs.o
 .text.lfs_tag_isvalid
                0x000074ca       0x1c build\packages\littlefs-latest\lfs.o
 .text.lfs_tag_isdelete
                0x000074e6       0x26 build\packages\littlefs-latest\lfs.o
 .text.lfs_tag_type1
                0x0000750c       0x20 build\packages\littlefs-latest\lfs.o
 .text.lfs_tag_type2
                0x0000752c       0x20 build\packages\littlefs-latest\lfs.o
 .text.lfs_tag_type3
                0x0000754c       0x20 build\packages\littlefs-latest\lfs.o
 .text.lfs_tag_chunk
                0x0000756c       0x1a build\packages\littlefs-latest\lfs.o
 .text.lfs_tag_splice
                0x00007586       0x1a build\packages\littlefs-latest\lfs.o
 .text.lfs_tag_id
                0x000075a0       0x20 build\packages\littlefs-latest\lfs.o
 .text.lfs_tag_size
                0x000075c0       0x1a build\packages\littlefs-latest\lfs.o
 .text.lfs_tag_dsize
                0x000075da       0x28 build\packages\littlefs-latest\lfs.o
 .text.lfs_gstate_xor
                0x00007602       0x40 build\packages\littlefs-latest\lfs.o
 .text.lfs_gstate_iszero
                0x00007642       0x38 build\packages\littlefs-latest\lfs.o
 .text.lfs_gstate_hasorphans
                0x0000767a       0x26 build\packages\littlefs-latest\lfs.o
 .text.lfs_gstate_getorphans
                0x000076a0       0x1e build\packages\littlefs-latest\lfs.o
 .text.lfs_gstate_hasmove
                0x000076be       0x26 build\packages\littlefs-latest\lfs.o
 .text.lfs_gstate_needssuperblock
                0x000076e4       0x28 build\packages\littlefs-latest\lfs.o
 .text.lfs_gstate_hasmovehere
                0x0000770c       0x40 build\packages\littlefs-latest\lfs.o
 .text.lfs_gstate_fromle32
                0x0000774c       0x40 build\packages\littlefs-latest\lfs.o
 .text.lfs_gstate_tole32
                0x0000778c       0x40 build\packages\littlefs-latest\lfs.o
 .text.lfs_fcrc_fromle32
                0x000077cc       0x30 build\packages\littlefs-latest\lfs.o
 .text.lfs_fcrc_tole32
                0x000077fc       0x30 build\packages\littlefs-latest\lfs.o
 .text.lfs_ctz_fromle32
                0x0000782c       0x30 build\packages\littlefs-latest\lfs.o
 .text.lfs_ctz_tole32
                0x0000785c       0x30 build\packages\littlefs-latest\lfs.o
 .text.lfs_superblock_fromle32
                0x0000788c       0x70 build\packages\littlefs-latest\lfs.o
 .text.lfs_superblock_tole32
                0x000078fc       0x70 build\packages\littlefs-latest\lfs.o
 .text.lfs_mlist_isopen
                0x0000796c       0x3a build\packages\littlefs-latest\lfs.o
 .text.lfs_mlist_remove
                0x000079a6       0x44 build\packages\littlefs-latest\lfs.o
 .text.lfs_mlist_append
                0x000079ea       0x24 build\packages\littlefs-latest\lfs.o
 *fill*         0x00007a0e        0x2 
 .text.lfs_fs_disk_version
                0x00007a10       0x1c build\packages\littlefs-latest\lfs.o
 .text.lfs_fs_disk_version_major
                0x00007a2c       0x1c build\packages\littlefs-latest\lfs.o
 .text.lfs_fs_disk_version_minor
                0x00007a48       0x1a build\packages\littlefs-latest\lfs.o
 .text.lfs_alloc_ckpoint
                0x00007a62       0x1c build\packages\littlefs-latest\lfs.o
 .text.lfs_alloc_drop
                0x00007a7e       0x22 build\packages\littlefs-latest\lfs.o
 .text.lfs_alloc_lookahead
                0x00007aa0       0x6a build\packages\littlefs-latest\lfs.o
 *fill*         0x00007b0a        0x2 
 .text.lfs_alloc_scan
                0x00007b0c       0x84 build\packages\littlefs-latest\lfs.o
 .text.lfs_alloc
                0x00007b90      0x110 build\packages\littlefs-latest\lfs.o
 .text.lfs_dir_getslice
                0x00007ca0      0x218 build\packages\littlefs-latest\lfs.o
 .text.lfs_dir_get
                0x00007eb8       0x36 build\packages\littlefs-latest\lfs.o
 .text.lfs_dir_getread
                0x00007eee      0x1a4 build\packages\littlefs-latest\lfs.o
 *fill*         0x00008092        0x2 
 .text.lfs_dir_traverse_filter
                0x00008094       0xb8 build\packages\littlefs-latest\lfs.o
 .text.lfs_dir_traverse
                0x0000814c      0x818 build\packages\littlefs-latest\lfs.o
 .text.lfs_dir_fetchmatch
                0x00008964      0x794 build\packages\littlefs-latest\lfs.o
 .text.lfs_dir_fetch
                0x000090f8       0x36 build\packages\littlefs-latest\lfs.o
 *fill*         0x0000912e        0x2 
 .text.lfs_dir_getgstate
                0x00009130       0x64 build\packages\littlefs-latest\lfs.o
 .text.lfs_dir_getinfo
                0x00009194       0xf4 build\packages\littlefs-latest\lfs.o
 .text.lfs_dir_find_match
                0x00009288       0x92 build\packages\littlefs-latest\lfs.o
 *fill*         0x0000931a        0x2 
 .text.lfs_dir_find
                0x0000931c      0x208 build\packages\littlefs-latest\lfs.o
 .text.lfs_dir_commitprog
                0x00009524       0x6c build\packages\littlefs-latest\lfs.o
 .text.lfs_dir_commitattr
                0x00009590      0x100 build\packages\littlefs-latest\lfs.o
 .text.lfs_dir_commitcrc
                0x00009690      0x2e0 build\packages\littlefs-latest\lfs.o
 .text.lfs_dir_alloc
                0x00009970       0xf2 build\packages\littlefs-latest\lfs.o
 *fill*         0x00009a62        0x2 
 .text.lfs_dir_drop
                0x00009a64       0x78 build\packages\littlefs-latest\lfs.o
 .text.lfs_dir_split
                0x00009adc       0xa8 build\packages\littlefs-latest\lfs.o
 .text.lfs_dir_commit_size
                0x00009b84       0x2c build\packages\littlefs-latest\lfs.o
 .text.lfs_dir_commit_commit
                0x00009bb0       0x2a build\packages\littlefs-latest\lfs.o
 .text.lfs_dir_needsrelocation
                0x00009bda       0x4c build\packages\littlefs-latest\lfs.o
 *fill*         0x00009c26        0x2 
 .text.lfs_dir_compact
                0x00009c28      0x3ec build\packages\littlefs-latest\lfs.o
 .text.lfs_dir_splittingcompact
                0x0000a014      0x230 build\packages\littlefs-latest\lfs.o
 .text.lfs_dir_relocatingcommit
                0x0000a244      0x584 build\packages\littlefs-latest\lfs.o
 .text.lfs_dir_orphaningcommit
                0x0000a7c8      0x5f0 build\packages\littlefs-latest\lfs.o
 .text.lfs_dir_commit
                0x0000adb8       0x4a build\packages\littlefs-latest\lfs.o
 *fill*         0x0000ae02        0x2 
 .text.lfs_mkdir_
                0x0000ae04      0x288 build\packages\littlefs-latest\lfs.o
 .text.lfs_dir_open_
                0x0000b08c       0xf4 build\packages\littlefs-latest\lfs.o
 .text.lfs_dir_close_
                0x0000b180       0x1c build\packages\littlefs-latest\lfs.o
 .text.lfs_dir_read_
                0x0000b19c      0x108 build\packages\littlefs-latest\lfs.o
 .text.lfs_dir_seek_
                0x0000b2a4       0xf4 build\packages\littlefs-latest\lfs.o
 .text.lfs_dir_rewind_
                0x0000b398       0x3e build\packages\littlefs-latest\lfs.o
 .text.lfs_ctz_index
                0x0000b3d6       0x70 build\packages\littlefs-latest\lfs.o
 .text.lfs_ctz_find
                0x0000b446       0xd6 build\packages\littlefs-latest\lfs.o
 .text.lfs_ctz_extend
                0x0000b51c      0x210 build\packages\littlefs-latest\lfs.o
 .text.lfs_ctz_traverse
                0x0000b72c       0xfc build\packages\littlefs-latest\lfs.o
 .text.lfs_file_opencfg_
                0x0000b828      0x3c0 build\packages\littlefs-latest\lfs.o
 .text.lfs_file_open_
                0x0000bbe8       0x30 build\packages\littlefs-latest\lfs.o
 .text.lfs_file_close_
                0x0000bc18       0x3a build\packages\littlefs-latest\lfs.o
 *fill*         0x0000bc52        0x2 
 .text.lfs_file_relocate
                0x0000bc54      0x1b4 build\packages\littlefs-latest\lfs.o
 .text.lfs_file_outline
                0x0000be08       0x42 build\packages\littlefs-latest\lfs.o
 *fill*         0x0000be4a        0x2 
 .text.lfs_file_flush
                0x0000be4c      0x1a8 build\packages\littlefs-latest\lfs.o
 .text.lfs_file_sync_
                0x0000bff4      0x140 build\packages\littlefs-latest\lfs.o
 .text.lfs_file_flushedread
                0x0000c134      0x1a4 build\packages\littlefs-latest\lfs.o
 .text.lfs_file_read_
                0x0000c2d8       0x64 build\packages\littlefs-latest\lfs.o
 .text.lfs_file_flushedwrite
                0x0000c33c      0x21e build\packages\littlefs-latest\lfs.o
 *fill*         0x0000c55a        0x2 
 .text.lfs_file_write_
                0x0000c55c      0x104 build\packages\littlefs-latest\lfs.o
 .text.lfs_file_seek_
                0x0000c660       0xfe build\packages\littlefs-latest\lfs.o
 .text.lfs_file_size_
                0x0000c75e       0x36 build\packages\littlefs-latest\lfs.o
 .text.lfs_stat_
                0x0000c794       0x6e build\packages\littlefs-latest\lfs.o
 *fill*         0x0000c802        0x2 
 .text.lfs_remove_
                0x0000c804      0x1d8 build\packages\littlefs-latest\lfs.o
 .text.lfs_rename_
                0x0000c9dc      0x48c build\packages\littlefs-latest\lfs.o
 .text.lfs_getattr_
                0x0000ce68       0xc8 build\packages\littlefs-latest\lfs.o
 .text.lfs_commitattr
                0x0000cf30       0x9e build\packages\littlefs-latest\lfs.o
 .text.lfs_setattr_
                0x0000cfce       0x3a build\packages\littlefs-latest\lfs.o
 .text.lfs_init
                0x0000d008      0x598 build\packages\littlefs-latest\lfs.o
 .text.lfs_deinit
                0x0000d5a0       0x4e build\packages\littlefs-latest\lfs.o
 *fill*         0x0000d5ee        0x2 
 .text.lfs_format_
                0x0000d5f0      0x15c build\packages\littlefs-latest\lfs.o
 .text.lfs_tortoise_detectcycles
                0x0000d74c       0x80 build\packages\littlefs-latest\lfs.o
 .text.lfs_mount_
                0x0000d7cc      0x404 build\packages\littlefs-latest\lfs.o
 .text.lfs_unmount_
                0x0000dbd0       0x18 build\packages\littlefs-latest\lfs.o
 .text.lfs_fs_traverse_
                0x0000dbe8      0x264 build\packages\littlefs-latest\lfs.o
 .text.lfs_fs_pred
                0x0000de4c       0x9c build\packages\littlefs-latest\lfs.o
 .text.lfs_fs_parent_match
                0x0000dee8       0x84 build\packages\littlefs-latest\lfs.o
 .text.lfs_fs_parent
                0x0000df6c       0xbc build\packages\littlefs-latest\lfs.o
 .text.lfs_fs_prepsuperblock
                0x0000e028       0x2a build\packages\littlefs-latest\lfs.o
 *fill*         0x0000e052        0x2 
 .text.lfs_fs_preporphans
                0x0000e054       0x98 build\packages\littlefs-latest\lfs.o
 .text.lfs_fs_prepmove
                0x0000e0ec       0x74 build\packages\littlefs-latest\lfs.o
 .text.lfs_fs_desuperblock
                0x0000e160       0xd8 build\packages\littlefs-latest\lfs.o
 .text.lfs_fs_demove
                0x0000e238       0xf4 build\packages\littlefs-latest\lfs.o
 .text.lfs_fs_deorphan
                0x0000e32c      0x360 build\packages\littlefs-latest\lfs.o
 .text.lfs_fs_forceconsistency
                0x0000e68c       0x4a build\packages\littlefs-latest\lfs.o
 .text.lfs_fs_size_count
                0x0000e6d6       0x26 build\packages\littlefs-latest\lfs.o
 .text.lfs_fs_size_
                0x0000e6fc       0x34 build\packages\littlefs-latest\lfs.o
 .text.lfs_format
                0x0000e730       0x3a build\packages\littlefs-latest\lfs.o
                0x0000e730                lfs_format
 .text.lfs_mount
                0x0000e76a       0x3a build\packages\littlefs-latest\lfs.o
                0x0000e76a                lfs_mount
 .text.lfs_unmount
                0x0000e7a4       0x42 build\packages\littlefs-latest\lfs.o
                0x0000e7a4                lfs_unmount
 .text.lfs_remove
                0x0000e7e6       0x46 build\packages\littlefs-latest\lfs.o
                0x0000e7e6                lfs_remove
 .text.lfs_rename
                0x0000e82c       0x4a build\packages\littlefs-latest\lfs.o
                0x0000e82c                lfs_rename
 .text.lfs_stat
                0x0000e876       0x4a build\packages\littlefs-latest\lfs.o
                0x0000e876                lfs_stat
 .text.lfs_getattr
                0x0000e8c0       0x54 build\packages\littlefs-latest\lfs.o
                0x0000e8c0                lfs_getattr
 .text.lfs_setattr
                0x0000e914       0x54 build\packages\littlefs-latest\lfs.o
                0x0000e914                lfs_setattr
 .text.lfs_file_open
                0x0000e968       0x74 build\packages\littlefs-latest\lfs.o
                0x0000e968                lfs_file_open
 .text.lfs_file_close
                0x0000e9dc       0x74 build\packages\littlefs-latest\lfs.o
                0x0000e9dc                lfs_file_close
 .text.lfs_file_sync
                0x0000ea50       0x74 build\packages\littlefs-latest\lfs.o
                0x0000ea50                lfs_file_sync
 .text.lfs_file_read
                0x0000eac4       0x7c build\packages\littlefs-latest\lfs.o
                0x0000eac4                lfs_file_read
 .text.lfs_file_write
                0x0000eb40       0x7c build\packages\littlefs-latest\lfs.o
                0x0000eb40                lfs_file_write
 .text.lfs_file_seek
                0x0000ebbc       0x7c build\packages\littlefs-latest\lfs.o
                0x0000ebbc                lfs_file_seek
 .text.lfs_mkdir
                0x0000ec38       0x46 build\packages\littlefs-latest\lfs.o
                0x0000ec38                lfs_mkdir
 *fill*         0x0000ec7e        0x2 
 .text.lfs_dir_open
                0x0000ec80       0x70 build\packages\littlefs-latest\lfs.o
                0x0000ec80                lfs_dir_open
 .text.lfs_dir_close
                0x0000ecf0       0x46 build\packages\littlefs-latest\lfs.o
                0x0000ecf0                lfs_dir_close
 .text.lfs_dir_read
                0x0000ed36       0x4a build\packages\littlefs-latest\lfs.o
                0x0000ed36                lfs_dir_read
 .text.lfs_dir_seek
                0x0000ed80       0x4a build\packages\littlefs-latest\lfs.o
                0x0000ed80                lfs_dir_seek
 .text.lfs_fs_traverse
                0x0000edca       0x4c build\packages\littlefs-latest\lfs.o
                0x0000edca                lfs_fs_traverse
 *fill*         0x0000ee16        0x2 
 .text.lfs_crc  0x0000ee18       0x7c build\packages\littlefs-latest\lfs_crc.o
                0x0000ee18                lfs_crc
 .text.sendto_ntp_server
                0x0000ee94       0x88 build\packages\netutils-latest\ntp\ntp.o
 .text.ntp_get_time
                0x0000ef1c      0x3fc build\packages\netutils-latest\ntp\ntp.o
                0x0000ef1c                ntp_get_time
 .text.ntp_sync_to_rtc
                0x0000f318       0x68 build\packages\netutils-latest\ntp\ntp.o
                0x0000f318                ntp_sync_to_rtc
 .text.ntp_check_network
                0x0000f380       0x34 build\packages\netutils-latest\ntp\ntp.o
 .text.ntp_sync_work_func
                0x0000f3b4       0x4c build\packages\netutils-latest\ntp\ntp.o
 .text.ntp_auto_sync_init
                0x0000f400       0x30 build\packages\netutils-latest\ntp\ntp.o
 .text.cmd_ntp_sync
                0x0000f430       0x28 build\packages\netutils-latest\ntp\ntp.o
 .text.CLOCK_EnableClock
                0x0000f458       0xb0 build\packages\nxp-mcx-series-latest\MCXA156\drivers\fsl_clock.o
 .text.CLOCK_AttachClk
                0x0000f508       0x30 build\packages\nxp-mcx-series-latest\MCXA156\drivers\fsl_clock.o
                0x0000f508                CLOCK_AttachClk
 .text.CLOCK_SetClockSelect
                0x0000f538       0xa4 build\packages\nxp-mcx-series-latest\MCXA156\drivers\fsl_clock.o
                0x0000f538                CLOCK_SetClockSelect
 .text.CLOCK_SetClockDiv
                0x0000f5dc       0x88 build\packages\nxp-mcx-series-latest\MCXA156\drivers\fsl_clock.o
                0x0000f5dc                CLOCK_SetClockDiv
 .text.CLOCK_SetupFROHFClocking
                0x0000f664       0xf8 build\packages\nxp-mcx-series-latest\MCXA156\drivers\fsl_clock.o
                0x0000f664                CLOCK_SetupFROHFClocking
 .text.CLOCK_SetupFRO12MClocking
                0x0000f75c       0x54 build\packages\nxp-mcx-series-latest\MCXA156\drivers\fsl_clock.o
                0x0000f75c                CLOCK_SetupFRO12MClocking
 .text.CLOCK_GetFreq
                0x0000f7b0       0xf4 build\packages\nxp-mcx-series-latest\MCXA156\drivers\fsl_clock.o
                0x0000f7b0                CLOCK_GetFreq
 .text.CLOCK_GetFro12MFreq
                0x0000f8a4       0x2c build\packages\nxp-mcx-series-latest\MCXA156\drivers\fsl_clock.o
 .text.CLOCK_GetClk1MFreq
                0x0000f8d0       0x14 build\packages\nxp-mcx-series-latest\MCXA156\drivers\fsl_clock.o
 .text.CLOCK_GetFroHfFreq
                0x0000f8e4       0xc0 build\packages\nxp-mcx-series-latest\MCXA156\drivers\fsl_clock.o
 .text.CLOCK_GetClk48MFreq
                0x0000f9a4       0x38 build\packages\nxp-mcx-series-latest\MCXA156\drivers\fsl_clock.o
 .text.CLOCK_GetFRO16KFreq
                0x0000f9dc       0x28 build\packages\nxp-mcx-series-latest\MCXA156\drivers\fsl_clock.o
 .text.CLOCK_GetClk16KFreq
                0x0000fa04       0x44 build\packages\nxp-mcx-series-latest\MCXA156\drivers\fsl_clock.o
 .text.CLOCK_GetExtClkFreq
                0x0000fa48       0x2c build\packages\nxp-mcx-series-latest\MCXA156\drivers\fsl_clock.o
 .text.CLOCK_GetMainClk
                0x0000fa74       0x68 build\packages\nxp-mcx-series-latest\MCXA156\drivers\fsl_clock.o
                0x0000fa74                CLOCK_GetMainClk
 .text.CLOCK_GetCoreSysClkFreq
                0x0000fadc       0x20 build\packages\nxp-mcx-series-latest\MCXA156\drivers\fsl_clock.o
                0x0000fadc                CLOCK_GetCoreSysClkFreq
 .text.CLOCK_EnableUsbfsClock
                0x0000fafc       0x50 build\packages\nxp-mcx-series-latest\MCXA156\drivers\fsl_clock.o
                0x0000fafc                CLOCK_EnableUsbfsClock
 .text.CTIMER_GetStatusFlags
                0x0000fb4c       0x18 build\packages\nxp-mcx-series-latest\MCXA156\drivers\fsl_ctimer.o
 .text.CTIMER_ClearStatusFlags
                0x0000fb64       0x1c build\packages\nxp-mcx-series-latest\MCXA156\drivers\fsl_ctimer.o
 .text.CTIMER_GenericIRQHandler
                0x0000fb80       0xb4 build\packages\nxp-mcx-series-latest\MCXA156\drivers\fsl_ctimer.o
 .text.CTIMER0_DriverIRQHandler
                0x0000fc34        0xe build\packages\nxp-mcx-series-latest\MCXA156\drivers\fsl_ctimer.o
                0x0000fc34                CTIMER0_DriverIRQHandler
 .text.CTIMER1_DriverIRQHandler
                0x0000fc42        0xe build\packages\nxp-mcx-series-latest\MCXA156\drivers\fsl_ctimer.o
                0x0000fc42                CTIMER1_DriverIRQHandler
 .text.CTIMER2_DriverIRQHandler
                0x0000fc50        0xe build\packages\nxp-mcx-series-latest\MCXA156\drivers\fsl_ctimer.o
                0x0000fc50                CTIMER2_DriverIRQHandler
 .text.CTIMER3_DriverIRQHandler
                0x0000fc5e        0xe build\packages\nxp-mcx-series-latest\MCXA156\drivers\fsl_ctimer.o
                0x0000fc5e                CTIMER3_DriverIRQHandler
 .text.CTIMER4_DriverIRQHandler
                0x0000fc6c        0xe build\packages\nxp-mcx-series-latest\MCXA156\drivers\fsl_ctimer.o
                0x0000fc6c                CTIMER4_DriverIRQHandler
 *fill*         0x0000fc7a        0x2 
 .text.EDMA_HandleIRQ
                0x0000fc7c      0x1b4 build\packages\nxp-mcx-series-latest\MCXA156\drivers\fsl_edma.o
                0x0000fc7c                EDMA_HandleIRQ
 .text.EDMA_DriverIRQHandler
                0x0000fe30       0x48 build\packages\nxp-mcx-series-latest\MCXA156\drivers\fsl_edma.o
                0x0000fe30                EDMA_DriverIRQHandler
 .text.DMA_CH0_DriverIRQHandler
                0x0000fe78       0x10 build\packages\nxp-mcx-series-latest\MCXA156\drivers\fsl_edma_soc.o
                0x0000fe78                DMA_CH0_DriverIRQHandler
 .text.DMA_CH1_DriverIRQHandler
                0x0000fe88       0x10 build\packages\nxp-mcx-series-latest\MCXA156\drivers\fsl_edma_soc.o
                0x0000fe88                DMA_CH1_DriverIRQHandler
 .text.DMA_CH2_DriverIRQHandler
                0x0000fe98       0x10 build\packages\nxp-mcx-series-latest\MCXA156\drivers\fsl_edma_soc.o
                0x0000fe98                DMA_CH2_DriverIRQHandler
 .text.DMA_CH3_DriverIRQHandler
                0x0000fea8       0x10 build\packages\nxp-mcx-series-latest\MCXA156\drivers\fsl_edma_soc.o
                0x0000fea8                DMA_CH3_DriverIRQHandler
 .text.DMA_CH4_DriverIRQHandler
                0x0000feb8       0x10 build\packages\nxp-mcx-series-latest\MCXA156\drivers\fsl_edma_soc.o
                0x0000feb8                DMA_CH4_DriverIRQHandler
 .text.DMA_CH5_DriverIRQHandler
                0x0000fec8       0x10 build\packages\nxp-mcx-series-latest\MCXA156\drivers\fsl_edma_soc.o
                0x0000fec8                DMA_CH5_DriverIRQHandler
 .text.DMA_CH6_DriverIRQHandler
                0x0000fed8       0x10 build\packages\nxp-mcx-series-latest\MCXA156\drivers\fsl_edma_soc.o
                0x0000fed8                DMA_CH6_DriverIRQHandler
 .text.DMA_CH7_DriverIRQHandler
                0x0000fee8       0x10 build\packages\nxp-mcx-series-latest\MCXA156\drivers\fsl_edma_soc.o
                0x0000fee8                DMA_CH7_DriverIRQHandler
 .text.GPIO_PinWrite
                0x0000fef8       0x36 build\packages\nxp-mcx-series-latest\MCXA156\drivers\fsl_gpio.o
 *fill*         0x0000ff2e        0x2 
 .text.GPIO_PinInit
                0x0000ff30       0x70 build\packages\nxp-mcx-series-latest\MCXA156\drivers\fsl_gpio.o
                0x0000ff30                GPIO_PinInit
 .text.GPIO_GpioGetInterruptFlags
                0x0000ffa0       0x1a build\packages\nxp-mcx-series-latest\MCXA156\drivers\fsl_gpio.o
                0x0000ffa0                GPIO_GpioGetInterruptFlags
 .text.GPIO_GpioClearInterruptFlags
                0x0000ffba       0x1e build\packages\nxp-mcx-series-latest\MCXA156\drivers\fsl_gpio.o
                0x0000ffba                GPIO_GpioClearInterruptFlags
 .text.I3C_CommonIRQHandler
                0x0000ffd8       0x70 build\packages\nxp-mcx-series-latest\MCXA156\drivers\fsl_i3c.o
 .text.I3C0_DriverIRQHandler
                0x00010048       0x14 build\packages\nxp-mcx-series-latest\MCXA156\drivers\fsl_i3c.o
                0x00010048                I3C0_DriverIRQHandler
 .text.CLOCK_EnableClock
                0x0001005c       0xb0 build\packages\nxp-mcx-series-latest\MCXA156\drivers\fsl_lpi2c.o
 .text.RESET_ReleasePeripheralReset
                0x0001010c       0x1a build\packages\nxp-mcx-series-latest\MCXA156\drivers\fsl_lpi2c.o
 .text.LPI2C_MasterReset
                0x00010126       0x20 build\packages\nxp-mcx-series-latest\MCXA156\drivers\fsl_lpi2c.o
 .text.LPI2C_MasterEnable
                0x00010146       0x28 build\packages\nxp-mcx-series-latest\MCXA156\drivers\fsl_lpi2c.o
 .text.LPI2C_MasterGetStatusFlags
                0x0001016e       0x18 build\packages\nxp-mcx-series-latest\MCXA156\drivers\fsl_lpi2c.o
 .text.LPI2C_MasterClearStatusFlags
                0x00010186       0x1c build\packages\nxp-mcx-series-latest\MCXA156\drivers\fsl_lpi2c.o
 .text.LPI2C_MasterSetWatermarks
                0x000101a2       0x2c build\packages\nxp-mcx-series-latest\MCXA156\drivers\fsl_lpi2c.o
 .text.LPI2C_MasterGetFifoCounts
                0x000101ce       0x3e build\packages\nxp-mcx-series-latest\MCXA156\drivers\fsl_lpi2c.o
 .text.LPI2C_SlaveEnable
                0x0001020c       0x2c build\packages\nxp-mcx-series-latest\MCXA156\drivers\fsl_lpi2c.o
 .text.LPI2C_GetInstance
                0x00010238       0x58 build\packages\nxp-mcx-series-latest\MCXA156\drivers\fsl_lpi2c.o
                0x00010238                LPI2C_GetInstance
 .text.LPI2C_GetCyclesForWidth
                0x00010290       0xa8 build\packages\nxp-mcx-series-latest\MCXA156\drivers\fsl_lpi2c.o
 .text.LPI2C_MasterCheckAndClearError
                0x00010338       0x9c build\packages\nxp-mcx-series-latest\MCXA156\drivers\fsl_lpi2c.o
                0x00010338                LPI2C_MasterCheckAndClearError
 .text.LPI2C_MasterWaitForTxReady
                0x000103d4       0x52 build\packages\nxp-mcx-series-latest\MCXA156\drivers\fsl_lpi2c.o
 .text.LPI2C_CheckForBusyBus
                0x00010426       0x38 build\packages\nxp-mcx-series-latest\MCXA156\drivers\fsl_lpi2c.o
                0x00010426                LPI2C_CheckForBusyBus
 *fill*         0x0001045e        0x2 
 .text.LPI2C_MasterGetDefaultConfig
                0x00010460       0x6c build\packages\nxp-mcx-series-latest\MCXA156\drivers\fsl_lpi2c.o
                0x00010460                LPI2C_MasterGetDefaultConfig
 .text.LPI2C_MasterInit
                0x000104cc      0x1f4 build\packages\nxp-mcx-series-latest\MCXA156\drivers\fsl_lpi2c.o
                0x000104cc                LPI2C_MasterInit
 .text.LPI2C_MasterSetBaudRate
                0x000106c0      0x2c4 build\packages\nxp-mcx-series-latest\MCXA156\drivers\fsl_lpi2c.o
                0x000106c0                LPI2C_MasterSetBaudRate
 .text.LPI2C_MasterStop
                0x00010984       0x62 build\packages\nxp-mcx-series-latest\MCXA156\drivers\fsl_lpi2c.o
                0x00010984                LPI2C_MasterStop
 *fill*         0x000109e6        0x2 
 .text.LPI2C_MasterReceive
                0x000109e8       0xe8 build\packages\nxp-mcx-series-latest\MCXA156\drivers\fsl_lpi2c.o
                0x000109e8                LPI2C_MasterReceive
 .text.LPI2C_MasterSend
                0x00010ad0       0x68 build\packages\nxp-mcx-series-latest\MCXA156\drivers\fsl_lpi2c.o
                0x00010ad0                LPI2C_MasterSend
 .text.LPI2C_MasterTransferBlocking
                0x00010b38      0x21c build\packages\nxp-mcx-series-latest\MCXA156\drivers\fsl_lpi2c.o
                0x00010b38                LPI2C_MasterTransferBlocking
 .text.LPI2C_CommonIRQHandler
                0x00010d54       0x70 build\packages\nxp-mcx-series-latest\MCXA156\drivers\fsl_lpi2c.o
 .text.LPI2C0_DriverIRQHandler
                0x00010dc4       0x14 build\packages\nxp-mcx-series-latest\MCXA156\drivers\fsl_lpi2c.o
                0x00010dc4                LPI2C0_DriverIRQHandler
 .text.LPI2C1_DriverIRQHandler
                0x00010dd8       0x14 build\packages\nxp-mcx-series-latest\MCXA156\drivers\fsl_lpi2c.o
                0x00010dd8                LPI2C1_DriverIRQHandler
 .text.LPI2C2_DriverIRQHandler
                0x00010dec       0x14 build\packages\nxp-mcx-series-latest\MCXA156\drivers\fsl_lpi2c.o
                0x00010dec                LPI2C2_DriverIRQHandler
 .text.LPI2C3_DriverIRQHandler
                0x00010e00       0x14 build\packages\nxp-mcx-series-latest\MCXA156\drivers\fsl_lpi2c.o
                0x00010e00                LPI2C3_DriverIRQHandler
 .text.LPSPI_IsMaster
                0x00010e14       0x26 build\packages\nxp-mcx-series-latest\MCXA156\drivers\fsl_lpspi.o
 *fill*         0x00010e3a        0x2 
 .text.LPSPI_CommonIRQHandler
                0x00010e3c       0x3c build\packages\nxp-mcx-series-latest\MCXA156\drivers\fsl_lpspi.o
 .text.LPSPI0_DriverIRQHandler
                0x00010e78       0x40 build\packages\nxp-mcx-series-latest\MCXA156\drivers\fsl_lpspi.o
                0x00010e78                LPSPI0_DriverIRQHandler
 .text.LPSPI1_DriverIRQHandler
                0x00010eb8       0x40 build\packages\nxp-mcx-series-latest\MCXA156\drivers\fsl_lpspi.o
                0x00010eb8                LPSPI1_DriverIRQHandler
 .text.CLOCK_EnableClock
                0x00010ef8       0xb0 build\packages\nxp-mcx-series-latest\MCXA156\drivers\fsl_lpuart.o
 .text.RESET_ReleasePeripheralReset
                0x00010fa8       0x1a build\packages\nxp-mcx-series-latest\MCXA156\drivers\fsl_lpuart.o
 .text.DisableGlobalIRQ
                0x00010fc2       0x22 build\packages\nxp-mcx-series-latest\MCXA156\drivers\fsl_lpuart.o
 .text.EnableGlobalIRQ
                0x00010fe4       0x20 build\packages\nxp-mcx-series-latest\MCXA156\drivers\fsl_lpuart.o
 .text.LPUART_SoftwareReset
                0x00011004       0x2c build\packages\nxp-mcx-series-latest\MCXA156\drivers\fsl_lpuart.o
 .text.LPUART_GetInstance
                0x00011030       0x58 build\packages\nxp-mcx-series-latest\MCXA156\drivers\fsl_lpuart.o
                0x00011030                LPUART_GetInstance
 .text.LPUART_Init
                0x00011088      0x34c build\packages\nxp-mcx-series-latest\MCXA156\drivers\fsl_lpuart.o
                0x00011088                LPUART_Init
 .text.LPUART_GetDefaultConfig
                0x000113d4       0x98 build\packages\nxp-mcx-series-latest\MCXA156\drivers\fsl_lpuart.o
                0x000113d4                LPUART_GetDefaultConfig
 .text.LPUART_EnableInterrupts
                0x0001146c       0xa8 build\packages\nxp-mcx-series-latest\MCXA156\drivers\fsl_lpuart.o
                0x0001146c                LPUART_EnableInterrupts
 .text.LPUART_DisableInterrupts
                0x00011514       0xac build\packages\nxp-mcx-series-latest\MCXA156\drivers\fsl_lpuart.o
                0x00011514                LPUART_DisableInterrupts
 .text.LPUART_GetStatusFlags
                0x000115c0       0x38 build\packages\nxp-mcx-series-latest\MCXA156\drivers\fsl_lpuart.o
                0x000115c0                LPUART_GetStatusFlags
 .text.LPUART0_DriverIRQHandler
                0x000115f8       0x24 build\packages\nxp-mcx-series-latest\MCXA156\drivers\fsl_lpuart.o
                0x000115f8                LPUART0_DriverIRQHandler
 .text.LPUART1_DriverIRQHandler
                0x0001161c       0x24 build\packages\nxp-mcx-series-latest\MCXA156\drivers\fsl_lpuart.o
                0x0001161c                LPUART1_DriverIRQHandler
 .text.LPUART2_DriverIRQHandler
                0x00011640       0x24 build\packages\nxp-mcx-series-latest\MCXA156\drivers\fsl_lpuart.o
                0x00011640                LPUART2_DriverIRQHandler
 .text.LPUART3_DriverIRQHandler
                0x00011664       0x24 build\packages\nxp-mcx-series-latest\MCXA156\drivers\fsl_lpuart.o
                0x00011664                LPUART3_DriverIRQHandler
 .text.LPUART4_DriverIRQHandler
                0x00011688       0x24 build\packages\nxp-mcx-series-latest\MCXA156\drivers\fsl_lpuart.o
                0x00011688                LPUART4_DriverIRQHandler
 .text.OS_EVENT_DriverIRQHandler
                0x000116ac       0x24 build\packages\nxp-mcx-series-latest\MCXA156\drivers\fsl_ostimer.o
                0x000116ac                OS_EVENT_DriverIRQHandler
 .text.RESET_SetPeripheralReset
                0x000116d0       0xc8 build\packages\nxp-mcx-series-latest\MCXA156\drivers\fsl_reset.o
                0x000116d0                RESET_SetPeripheralReset
 .text.RESET_ClearPeripheralReset
                0x00011798       0xa8 build\packages\nxp-mcx-series-latest\MCXA156\drivers\fsl_reset.o
                0x00011798                RESET_ClearPeripheralReset
 .text.RESET_PeripheralReset
                0x00011840       0x22 build\packages\nxp-mcx-series-latest\MCXA156\drivers\fsl_reset.o
                0x00011840                RESET_PeripheralReset
 .text.SPC_GetActiveModeBandgapMode
                0x00011862       0x22 build\packages\nxp-mcx-series-latest\MCXA156\drivers\fsl_spc.o
 .text.SPC_GetActiveModeVoltageDetectStatus
                0x00011884       0x22 build\packages\nxp-mcx-series-latest\MCXA156\drivers\fsl_spc.o
 .text.SPC_GetActiveModeCoreLDOVDDVoltageLevel
                0x000118a6       0x22 build\packages\nxp-mcx-series-latest\MCXA156\drivers\fsl_spc.o
 .text.SPC_GetActiveModeCoreLDODriveStrength
                0x000118c8       0x22 build\packages\nxp-mcx-series-latest\MCXA156\drivers\fsl_spc.o
 *fill*         0x000118ea        0x2 
 .text.SPC_SetSRAMOperateVoltage
                0x000118ec       0x74 build\packages\nxp-mcx-series-latest\MCXA156\drivers\fsl_spc.o
                0x000118ec                SPC_SetSRAMOperateVoltage
 .text.SPC_SetActiveModeCoreLDORegulatorConfig
                0x00011960       0xa4 build\packages\nxp-mcx-series-latest\MCXA156\drivers\fsl_spc.o
                0x00011960                SPC_SetActiveModeCoreLDORegulatorConfig
 .text.SPC_SetActiveModeCoreLDORegulatorVoltageLevel
                0x00011a04       0x60 build\packages\nxp-mcx-series-latest\MCXA156\drivers\fsl_spc.o
                0x00011a04                SPC_SetActiveModeCoreLDORegulatorVoltageLevel
 .text.SPC_SetActiveModeCoreLDORegulatorDriveStrength
                0x00011a64       0x5e build\packages\nxp-mcx-series-latest\MCXA156\drivers\fsl_spc.o
                0x00011a64                SPC_SetActiveModeCoreLDORegulatorDriveStrength
 *fill*         0x00011ac2        0x2 
 .text.UTICK0_DriverIRQHandler
                0x00011ac4       0x24 build\packages\nxp-mcx-series-latest\MCXA156\drivers\fsl_utick.o
                0x00011ac4                UTICK0_DriverIRQHandler
 .text.WAKETIMER_ClearStatusFlags
                0x00011ae8       0x2c build\packages\nxp-mcx-series-latest\MCXA156\drivers\fsl_waketimer.o
                0x00011ae8                WAKETIMER_ClearStatusFlags
 .text.WAKETIMER_GenericIRQHandler
                0x00011b14       0x24 build\packages\nxp-mcx-series-latest\MCXA156\drivers\fsl_waketimer.o
 .text.WAKETIMER0_DriverIRQHandler
                0x00011b38       0x1c build\packages\nxp-mcx-series-latest\MCXA156\drivers\fsl_waketimer.o
                0x00011b38                WAKETIMER0_DriverIRQHandler
 .text.SystemInit
                0x00011b54      0x170 build\packages\nxp-mcx-series-latest\MCXA156\system_MCXA156.o
                0x00011b54                SystemInit
 .text.SystemInitHook
                0x00011cc4        0xe build\packages\nxp-mcx-series-latest\MCXA156\system_MCXA156.o
                0x00011cc4                SystemInitHook
 *fill*         0x00011cd2        0x2 
 .text.p3t1755_init
                0x00011cd4       0x58 build\packages\p3t1755-latest\p3t1755.o
                0x00011cd4                p3t1755_init
 .text.p3t1755_read
                0x00011d2c       0x60 build\packages\p3t1755-latest\p3t1755.o
                0x00011d2c                p3t1755_read
 .text.p3t1755_read_temp
                0x00011d8c       0x4c build\packages\p3t1755-latest\p3t1755.o
                0x00011d8c                p3t1755_read_temp
 .text.mqtt_resolve_uri
                0x00011dd8      0x220 build\packages\pahomqtt-latest\MQTTClient-RT\paho_mqtt_pipe.o
 .text.net_connect
                0x00011ff8       0xe4 build\packages\pahomqtt-latest\MQTTClient-RT\paho_mqtt_pipe.o
 .text.net_disconnect
                0x000120dc       0x2c build\packages\pahomqtt-latest\MQTTClient-RT\paho_mqtt_pipe.o
 .text.net_disconnect_exit
                0x00012108       0xf0 build\packages\pahomqtt-latest\MQTTClient-RT\paho_mqtt_pipe.o
 .text.sendPacket
                0x000121f8       0x62 build\packages\pahomqtt-latest\MQTTClient-RT\paho_mqtt_pipe.o
 .text.net_read
                0x0001225a       0xee build\packages\pahomqtt-latest\MQTTClient-RT\paho_mqtt_pipe.o
 .text.decodePacket
                0x00012348       0x82 build\packages\pahomqtt-latest\MQTTClient-RT\paho_mqtt_pipe.o
 .text.MQTTPacket_readPacket
                0x000123ca       0x9e build\packages\pahomqtt-latest\MQTTClient-RT\paho_mqtt_pipe.o
 .text.getNextPacketId
                0x00012468       0x32 build\packages\pahomqtt-latest\MQTTClient-RT\paho_mqtt_pipe.o
 *fill*         0x0001249a        0x2 
 .text.MQTTConnect
                0x0001249c      0x1c0 build\packages\pahomqtt-latest\MQTTClient-RT\paho_mqtt_pipe.o
 .text.MQTTDisconnect
                0x0001265c       0x46 build\packages\pahomqtt-latest\MQTTClient-RT\paho_mqtt_pipe.o
 *fill*         0x000126a2        0x2 
 .text.MQTTSubscribe
                0x000126a4      0x1a8 build\packages\pahomqtt-latest\MQTTClient-RT\paho_mqtt_pipe.o
 .text.NewMessageData
                0x0001284c       0x24 build\packages\pahomqtt-latest\MQTTClient-RT\paho_mqtt_pipe.o
 .text.isTopicMatched
                0x00012870       0xd2 build\packages\pahomqtt-latest\MQTTClient-RT\paho_mqtt_pipe.o
 .text.deliverMessage
                0x00012942       0xfc build\packages\pahomqtt-latest\MQTTClient-RT\paho_mqtt_pipe.o
 *fill*         0x00012a3e        0x2 
 .text.MQTT_cycle
                0x00012a40      0x228 build\packages\pahomqtt-latest\MQTTClient-RT\paho_mqtt_pipe.o
 .text.MQTT_local_send
                0x00012c68       0x28 build\packages\pahomqtt-latest\MQTTClient-RT\paho_mqtt_pipe.o
 .text.MQTTPublish
                0x00012c90       0xdc build\packages\pahomqtt-latest\MQTTClient-RT\paho_mqtt_pipe.o
                0x00012c90                MQTTPublish
 .text.mqtt_pipe_init
                0x00012d6c       0xe8 build\packages\pahomqtt-latest\MQTTClient-RT\paho_mqtt_pipe.o
 .text.paho_mqtt_thread
                0x00012e54      0x540 build\packages\pahomqtt-latest\MQTTClient-RT\paho_mqtt_pipe.o
 .text.paho_mqtt_start
                0x00013394       0xe0 build\packages\pahomqtt-latest\MQTTClient-RT\paho_mqtt_pipe.o
                0x00013394                paho_mqtt_start
 .text.paho_mqtt_publish
                0x00013474       0xb0 build\packages\pahomqtt-latest\MQTTClient-RT\paho_mqtt_pipe.o
                0x00013474                paho_mqtt_publish
 .text.MQTTSerialize_connectLength
                0x00013524       0xc2 build\packages\pahomqtt-latest\MQTTPacket\src\MQTTConnectClient.o
                0x00013524                MQTTSerialize_connectLength
 *fill*         0x000135e6        0x2 
 .text.MQTTSerialize_connect
                0x000135e8      0x1d8 build\packages\pahomqtt-latest\MQTTPacket\src\MQTTConnectClient.o
                0x000135e8                MQTTSerialize_connect
 .text.MQTTDeserialize_connack
                0x000137c0       0xaa build\packages\pahomqtt-latest\MQTTPacket\src\MQTTConnectClient.o
                0x000137c0                MQTTDeserialize_connack
 .text.MQTTSerialize_zero
                0x0001386a       0x70 build\packages\pahomqtt-latest\MQTTPacket\src\MQTTConnectClient.o
                0x0001386a                MQTTSerialize_zero
 .text.MQTTSerialize_disconnect
                0x000138da       0x1e build\packages\pahomqtt-latest\MQTTPacket\src\MQTTConnectClient.o
                0x000138da                MQTTSerialize_disconnect
 .text.MQTTSerialize_pingreq
                0x000138f8       0x1e build\packages\pahomqtt-latest\MQTTPacket\src\MQTTConnectClient.o
                0x000138f8                MQTTSerialize_pingreq
 *fill*         0x00013916        0x2 
 .text.MQTTSerialize_connack_string
                0x00013918       0x74 build\packages\pahomqtt-latest\MQTTPacket\src\MQTTConnectClient.o
                0x00013918                MQTTSerialize_connack_string
 .text.MQTTDeserialize_publish
                0x0001398c       0xe6 build\packages\pahomqtt-latest\MQTTPacket\src\MQTTDeserializePublish.o
                0x0001398c                MQTTDeserialize_publish
 .text.MQTTDeserialize_ack
                0x00013a72       0x96 build\packages\pahomqtt-latest\MQTTPacket\src\MQTTDeserializePublish.o
                0x00013a72                MQTTDeserialize_ack
 .text.MQTTPacket_encode
                0x00013b08       0x5e build\packages\pahomqtt-latest\MQTTPacket\src\MQTTPacket.o
                0x00013b08                MQTTPacket_encode
 .text.MQTTPacket_decode
                0x00013b66       0x78 build\packages\pahomqtt-latest\MQTTPacket\src\MQTTPacket.o
                0x00013b66                MQTTPacket_decode
 *fill*         0x00013bde        0x2 
 .text.MQTTPacket_len
                0x00013be0       0x54 build\packages\pahomqtt-latest\MQTTPacket\src\MQTTPacket.o
                0x00013be0                MQTTPacket_len
 .text.bufchar  0x00013c34       0x40 build\packages\pahomqtt-latest\MQTTPacket\src\MQTTPacket.o
                0x00013c34                bufchar
 .text.MQTTPacket_decodeBuf
                0x00013c74       0x2c build\packages\pahomqtt-latest\MQTTPacket\src\MQTTPacket.o
                0x00013c74                MQTTPacket_decodeBuf
 .text.readInt  0x00013ca0       0x36 build\packages\pahomqtt-latest\MQTTPacket\src\MQTTPacket.o
                0x00013ca0                readInt
 .text.readChar
                0x00013cd6       0x28 build\packages\pahomqtt-latest\MQTTPacket\src\MQTTPacket.o
                0x00013cd6                readChar
 .text.writeChar
                0x00013cfe       0x2a build\packages\pahomqtt-latest\MQTTPacket\src\MQTTPacket.o
                0x00013cfe                writeChar
 .text.writeInt
                0x00013d28       0x52 build\packages\pahomqtt-latest\MQTTPacket\src\MQTTPacket.o
                0x00013d28                writeInt
 .text.writeCString
                0x00013d7a       0x3e build\packages\pahomqtt-latest\MQTTPacket\src\MQTTPacket.o
                0x00013d7a                writeCString
 .text.writeMQTTString
                0x00013db8       0x5c build\packages\pahomqtt-latest\MQTTPacket\src\MQTTPacket.o
                0x00013db8                writeMQTTString
 .text.readMQTTLenString
                0x00013e14       0x62 build\packages\pahomqtt-latest\MQTTPacket\src\MQTTPacket.o
                0x00013e14                readMQTTLenString
 .text.MQTTstrlen
                0x00013e76       0x32 build\packages\pahomqtt-latest\MQTTPacket\src\MQTTPacket.o
                0x00013e76                MQTTstrlen
 .text.MQTTPacket_equals
                0x00013ea8       0x6e build\packages\pahomqtt-latest\MQTTPacket\src\MQTTPacket.o
                0x00013ea8                MQTTPacket_equals
 .text.MQTTSerialize_publishLength
                0x00013f16       0x40 build\packages\pahomqtt-latest\MQTTPacket\src\MQTTSerializePublish.o
                0x00013f16                MQTTSerialize_publishLength
 .text.MQTTSerialize_publish
                0x00013f56       0xec build\packages\pahomqtt-latest\MQTTPacket\src\MQTTSerializePublish.o
                0x00013f56                MQTTSerialize_publish
 .text.MQTTSerialize_ack
                0x00014042       0xaa build\packages\pahomqtt-latest\MQTTPacket\src\MQTTSerializePublish.o
                0x00014042                MQTTSerialize_ack
 .text.MQTTSerialize_subscribeLength
                0x000140ec       0x4e build\packages\pahomqtt-latest\MQTTPacket\src\MQTTSubscribeClient.o
                0x000140ec                MQTTSerialize_subscribeLength
 .text.MQTTSerialize_subscribe
                0x0001413a       0xf8 build\packages\pahomqtt-latest\MQTTPacket\src\MQTTSubscribeClient.o
                0x0001413a                MQTTSerialize_subscribe
 .text.MQTTDeserialize_suback
                0x00014232       0xce build\packages\pahomqtt-latest\MQTTPacket\src\MQTTSubscribeClient.o
                0x00014232                MQTTDeserialize_suback
 .text.MQTTDeserialize_unsuback
                0x00014300       0x42 build\packages\pahomqtt-latest\MQTTPacket\src\MQTTUnsubscribeClient.o
                0x00014300                MQTTDeserialize_unsuback
 *fill*         0x00014342        0x2 
 .text.webclient_strncasecmp
                0x00014344       0x94 build\packages\webclient-v2.2.0\src\webclient.o
 .text.webclient_strstri
                0x000143d8       0x4c build\packages\webclient-v2.2.0\src\webclient.o
 .text.webclient_send
                0x00014424       0x26 build\packages\webclient-v2.2.0\src\webclient.o
 .text.webclient_recv
                0x0001444a       0x26 build\packages\webclient-v2.2.0\src\webclient.o
 .text.webclient_read_line
                0x00014470       0xbc build\packages\webclient-v2.2.0\src\webclient.o
 .text.webclient_resolve_address
                0x0001452c      0x28c build\packages\webclient-v2.2.0\src\webclient.o